2025-12-07 14:02:24 [pool-1-thread-7] INFO  org.example.LoginServiceUsingSemaphore - lesgo?
2025-12-07 14:02:24 [pool-1-thread-4] INFO  org.example.LoginServiceUsingSemaphore - lesgo?
2025-12-07 14:02:24 [pool-1-thread-8] INFO  org.example.LoginServiceUsingSemaphore - lesgo?
2025-12-07 14:02:24 [pool-1-thread-10] INFO  org.example.LoginServiceUsingSemaphore - lesgo?
2025-12-07 14:02:24 [pool-1-thread-3] INFO  org.example.LoginServiceUsingSemaphore - lesgo?
2025-12-07 14:02:24 [pool-1-thread-6] INFO  org.example.LoginServiceUsingSemaphore - lesgo?
2025-12-07 14:02:24 [pool-1-thread-5] INFO  org.example.LoginServiceUsingSemaphore - lesgo?
2025-12-07 14:02:24 [pool-1-thread-1] INFO  org.example.LoginServiceUsingSemaphore - lesgo?
2025-12-07 14:02:24 [pool-1-thread-2] INFO  org.example.LoginServiceUsingSemaphore - lesgo?
2025-12-07 14:02:24 [pool-1-thread-9] INFO  org.example.LoginServiceUsingSemaphore - lesgo?
2025-12-07 14:02:24 [main] INFO  org.example.LoginServiceUsingSemaphore - lesgo?
2025-12-07 14:02:24 [main] INFO  org.example.LoginServiceUsingSemaphore - lesgo?
2025-12-07 14:08:10 [pool-1-thread-1] INFO  org.example.LoginServiceUsingSemaphore - lesgo?
2025-12-07 14:08:10 [pool-1-thread-4] INFO  org.example.LoginServiceUsingSemaphore - lesgo?
2025-12-07 14:08:10 [pool-1-thread-3] INFO  org.example.LoginServiceUsingSemaphore - lesgo?
2025-12-07 14:08:10 [pool-1-thread-10] INFO  org.example.LoginServiceUsingSemaphore - lesgo?
2025-12-07 14:08:10 [pool-1-thread-5] INFO  org.example.LoginServiceUsingSemaphore - lesgo?
2025-12-07 14:08:10 [pool-1-thread-2] INFO  org.example.LoginServiceUsingSemaphore - lesgo?
2025-12-07 14:08:10 [pool-1-thread-8] INFO  org.example.LoginServiceUsingSemaphore - lesgo?
2025-12-07 14:08:10 [pool-1-thread-7] INFO  org.example.LoginServiceUsingSemaphore - lesgo?
2025-12-07 14:08:10 [pool-1-thread-6] INFO  org.example.LoginServiceUsingSemaphore - lesgo?
2025-12-07 14:08:10 [pool-1-thread-9] INFO  org.example.LoginServiceUsingSemaphore - lesgo?
2025-12-07 14:08:10 [main] INFO  org.example.LoginServiceUsingSemaphore - lesgo?
2025-12-07 14:08:10 [main] INFO  org.example.LoginServiceUsingSemaphore - lesgo?
2025-12-07 14:10:12 [pool-1-thread-4] INFO  org.example.LoginServiceUsingSemaphore - [running]
2025-12-07 14:10:12 [pool-1-thread-1] INFO  org.example.LoginServiceUsingSemaphore - [running]
2025-12-07 14:10:12 [pool-1-thread-8] INFO  org.example.LoginServiceUsingSemaphore - [running]
2025-12-07 14:10:12 [pool-1-thread-2] INFO  org.example.LoginServiceUsingSemaphore - [running]
2025-12-07 14:10:12 [pool-1-thread-5] INFO  org.example.LoginServiceUsingSemaphore - [running]
2025-12-07 14:10:12 [pool-1-thread-3] INFO  org.example.LoginServiceUsingSemaphore - [running]
2025-12-07 14:10:12 [pool-1-thread-9] INFO  org.example.LoginServiceUsingSemaphore - [running]
2025-12-07 14:10:12 [pool-1-thread-7] INFO  org.example.LoginServiceUsingSemaphore - [running]
2025-12-07 14:10:12 [pool-1-thread-6] INFO  org.example.LoginServiceUsingSemaphore - [running]
2025-12-07 14:10:12 [pool-1-thread-10] INFO  org.example.LoginServiceUsingSemaphore - [running]
2025-12-07 14:10:12 [main] INFO  org.example.LoginServiceUsingSemaphore - [running]
2025-12-07 14:10:12 [main] INFO  org.example.LoginServiceUsingSemaphore - [running]
2025-12-07 14:10:49 [pool-1-thread-9] INFO  org.example.LoginServiceUsingSemaphore - [running]
2025-12-07 14:10:49 [pool-1-thread-7] INFO  org.example.LoginServiceUsingSemaphore - [running]
2025-12-07 14:10:49 [pool-1-thread-3] INFO  org.example.LoginServiceUsingSemaphore - [running]
2025-12-07 14:10:49 [pool-1-thread-6] INFO  org.example.LoginServiceUsingSemaphore - [running]
2025-12-07 14:10:49 [pool-1-thread-1] INFO  org.example.LoginServiceUsingSemaphore - [running]
2025-12-07 14:10:49 [main] INFO  org.example.LoginServiceUsingSemaphore - [running]
2025-12-07 14:10:49 [pool-1-thread-4] INFO  org.example.LoginServiceUsingSemaphore - [running]
2025-12-07 14:10:49 [pool-1-thread-2] INFO  org.example.LoginServiceUsingSemaphore - [running]
2025-12-07 14:10:49 [pool-1-thread-10] INFO  org.example.LoginServiceUsingSemaphore - [running]
2025-12-07 14:10:49 [pool-1-thread-5] INFO  org.example.LoginServiceUsingSemaphore - [running]
2025-12-07 14:10:49 [pool-1-thread-8] INFO  org.example.LoginServiceUsingSemaphore - [running]
2025-12-07 14:10:49 [main] INFO  org.example.LoginServiceUsingSemaphore - [running]
2025-12-07 14:11:01 [pool-1-thread-5] INFO  org.example.LoginServiceUsingSemaphore - [running]
2025-12-07 14:11:01 [pool-1-thread-4] INFO  org.example.LoginServiceUsingSemaphore - [running]
2025-12-07 14:11:01 [pool-1-thread-8] INFO  org.example.LoginServiceUsingSemaphore - [running]
2025-12-07 14:11:01 [pool-1-thread-3] INFO  org.example.LoginServiceUsingSemaphore - [running]
2025-12-07 14:11:01 [pool-1-thread-9] INFO  org.example.LoginServiceUsingSemaphore - [running]
2025-12-07 14:11:01 [pool-1-thread-10] INFO  org.example.LoginServiceUsingSemaphore - [running]
2025-12-07 14:11:01 [pool-1-thread-6] INFO  org.example.LoginServiceUsingSemaphore - [running]
2025-12-07 14:11:01 [pool-1-thread-1] INFO  org.example.LoginServiceUsingSemaphore - [running]
2025-12-07 14:11:01 [pool-1-thread-2] INFO  org.example.LoginServiceUsingSemaphore - [running]
2025-12-07 14:11:01 [pool-1-thread-7] INFO  org.example.LoginServiceUsingSemaphore - [running]
2025-12-07 14:11:01 [main] INFO  org.example.LoginServiceUsingSemaphore - [running]
2025-12-07 14:11:01 [main] INFO  org.example.LoginServiceUsingSemaphore - [running]
2025-12-07 14:11:04 [pool-1-thread-9] INFO  org.example.LoginServiceUsingSemaphore - [running]
2025-12-07 14:11:04 [pool-1-thread-8] INFO  org.example.LoginServiceUsingSemaphore - [running]
2025-12-07 14:11:04 [pool-1-thread-7] INFO  org.example.LoginServiceUsingSemaphore - [running]
2025-12-07 14:11:04 [pool-1-thread-4] INFO  org.example.LoginServiceUsingSemaphore - [running]
2025-12-07 14:11:04 [pool-1-thread-2] INFO  org.example.LoginServiceUsingSemaphore - [running]
2025-12-07 14:11:04 [pool-1-thread-3] INFO  org.example.LoginServiceUsingSemaphore - [running]
2025-12-07 14:11:04 [pool-1-thread-5] INFO  org.example.LoginServiceUsingSemaphore - [running]
2025-12-07 14:11:04 [pool-1-thread-6] INFO  org.example.LoginServiceUsingSemaphore - [running]
2025-12-07 14:11:04 [pool-1-thread-1] INFO  org.example.LoginServiceUsingSemaphore - [running]
2025-12-07 14:11:04 [pool-1-thread-10] INFO  org.example.LoginServiceUsingSemaphore - [running]
2025-12-07 14:11:04 [main] INFO  org.example.LoginServiceUsingSemaphore - [running]
2025-12-07 14:11:04 [main] INFO  org.example.LoginServiceUsingSemaphore - [running]
2025-12-07 14:11:08 [pool-1-thread-9] INFO  org.example.LoginServiceUsingSemaphore - [running]
2025-12-07 14:11:08 [pool-1-thread-8] INFO  org.example.LoginServiceUsingSemaphore - [running]
2025-12-07 14:11:08 [pool-1-thread-4] INFO  org.example.LoginServiceUsingSemaphore - [running]
2025-12-07 14:11:08 [main] INFO  org.example.LoginServiceUsingSemaphore - [running]
2025-12-07 14:11:08 [pool-1-thread-5] INFO  org.example.LoginServiceUsingSemaphore - [running]
2025-12-07 14:11:08 [pool-1-thread-6] INFO  org.example.LoginServiceUsingSemaphore - [running]
2025-12-07 14:11:08 [pool-1-thread-10] INFO  org.example.LoginServiceUsingSemaphore - [running]
2025-12-07 14:11:08 [pool-1-thread-3] INFO  org.example.LoginServiceUsingSemaphore - [running]
2025-12-07 14:11:08 [main] INFO  org.example.LoginServiceUsingSemaphore - [running]
2025-12-07 14:11:08 [pool-1-thread-2] INFO  org.example.LoginServiceUsingSemaphore - [running]
2025-12-07 14:11:08 [pool-1-thread-1] INFO  org.example.LoginServiceUsingSemaphore - [running]
2025-12-07 14:11:08 [pool-1-thread-7] INFO  org.example.LoginServiceUsingSemaphore - [running]
2025-12-07 14:11:11 [pool-1-thread-10] INFO  org.example.LoginServiceUsingSemaphore - [running]
2025-12-07 14:11:11 [pool-1-thread-1] INFO  org.example.LoginServiceUsingSemaphore - [running]
2025-12-07 14:11:11 [pool-1-thread-9] INFO  org.example.LoginServiceUsingSemaphore - [running]
2025-12-07 14:11:11 [pool-1-thread-2] INFO  org.example.LoginServiceUsingSemaphore - [running]
2025-12-07 14:11:11 [pool-1-thread-8] INFO  org.example.LoginServiceUsingSemaphore - [running]
2025-12-07 14:11:11 [pool-1-thread-7] INFO  org.example.LoginServiceUsingSemaphore - [running]
2025-12-07 14:11:11 [pool-1-thread-4] INFO  org.example.LoginServiceUsingSemaphore - [running]
2025-12-07 14:11:11 [pool-1-thread-3] INFO  org.example.LoginServiceUsingSemaphore - [running]
2025-12-07 14:11:11 [pool-1-thread-5] INFO  org.example.LoginServiceUsingSemaphore - [running]
2025-12-07 14:11:11 [pool-1-thread-6] INFO  org.example.LoginServiceUsingSemaphore - [running]
2025-12-07 14:11:11 [main] INFO  org.example.LoginServiceUsingSemaphore - [running]
2025-12-07 14:11:11 [main] INFO  org.example.LoginServiceUsingSemaphore - [running]
2025-12-07 14:11:16 [pool-1-thread-2] INFO  org.example.LoginServiceUsingSemaphore - [running]
2025-12-07 14:11:16 [pool-1-thread-9] INFO  org.example.LoginServiceUsingSemaphore - [running]
2025-12-07 14:11:16 [pool-1-thread-10] INFO  org.example.LoginServiceUsingSemaphore - [running]
2025-12-07 14:11:16 [pool-1-thread-5] INFO  org.example.LoginServiceUsingSemaphore - [running]
2025-12-07 14:11:16 [main] INFO  org.example.LoginServiceUsingSemaphore - [running]
2025-12-07 14:11:16 [pool-1-thread-7] INFO  org.example.LoginServiceUsingSemaphore - [running]
2025-12-07 14:11:16 [pool-1-thread-1] INFO  org.example.LoginServiceUsingSemaphore - [running]
2025-12-07 14:11:16 [pool-1-thread-6] INFO  org.example.LoginServiceUsingSemaphore - [running]
2025-12-07 14:11:16 [pool-1-thread-3] INFO  org.example.LoginServiceUsingSemaphore - [running]
2025-12-07 14:11:16 [pool-1-thread-4] INFO  org.example.LoginServiceUsingSemaphore - [running]
2025-12-07 14:11:16 [main] INFO  org.example.LoginServiceUsingSemaphore - [running]
2025-12-07 14:11:16 [pool-1-thread-8] INFO  org.example.LoginServiceUsingSemaphore - [running]
2025-12-07 14:11:19 [pool-1-thread-1] INFO  org.example.LoginServiceUsingSemaphore - [running]
2025-12-07 14:11:19 [pool-1-thread-5] INFO  org.example.LoginServiceUsingSemaphore - [running]
2025-12-07 14:11:19 [pool-1-thread-10] INFO  org.example.LoginServiceUsingSemaphore - [running]
2025-12-07 14:11:19 [pool-1-thread-9] INFO  org.example.LoginServiceUsingSemaphore - [running]
2025-12-07 14:11:19 [pool-1-thread-8] INFO  org.example.LoginServiceUsingSemaphore - [running]
2025-12-07 14:11:19 [pool-1-thread-3] INFO  org.example.LoginServiceUsingSemaphore - [running]
2025-12-07 14:11:19 [pool-1-thread-7] INFO  org.example.LoginServiceUsingSemaphore - [running]
2025-12-07 14:11:19 [pool-1-thread-4] INFO  org.example.LoginServiceUsingSemaphore - [running]
2025-12-07 14:11:19 [main] INFO  org.example.LoginServiceUsingSemaphore - [running]
2025-12-07 14:11:19 [pool-1-thread-2] INFO  org.example.LoginServiceUsingSemaphore - [running]
2025-12-07 14:11:19 [main] INFO  org.example.LoginServiceUsingSemaphore - [running]
2025-12-07 14:11:19 [pool-1-thread-6] INFO  org.example.LoginServiceUsingSemaphore - [running]
2025-12-07 14:11:22 [pool-1-thread-9] INFO  org.example.LoginServiceUsingSemaphore - [running]
2025-12-07 14:11:22 [pool-1-thread-3] INFO  org.example.LoginServiceUsingSemaphore - [running]
2025-12-07 14:11:22 [pool-1-thread-2] INFO  org.example.LoginServiceUsingSemaphore - [running]
2025-12-07 14:11:22 [pool-1-thread-10] INFO  org.example.LoginServiceUsingSemaphore - [running]
2025-12-07 14:11:22 [pool-1-thread-4] INFO  org.example.LoginServiceUsingSemaphore - [running]
2025-12-07 14:11:22 [main] INFO  org.example.LoginServiceUsingSemaphore - [running]
2025-12-07 14:11:22 [pool-1-thread-8] INFO  org.example.LoginServiceUsingSemaphore - [running]
2025-12-07 14:11:22 [pool-1-thread-5] INFO  org.example.LoginServiceUsingSemaphore - [running]
2025-12-07 14:11:22 [pool-1-thread-6] INFO  org.example.LoginServiceUsingSemaphore - [running]
2025-12-07 14:11:22 [pool-1-thread-1] INFO  org.example.LoginServiceUsingSemaphore - [running]
2025-12-07 14:11:22 [pool-1-thread-7] INFO  org.example.LoginServiceUsingSemaphore - [running]
2025-12-07 14:11:22 [main] INFO  org.example.LoginServiceUsingSemaphore - [running]
2025-12-07 14:11:33 [pool-1-thread-7] INFO  org.example.LoginServiceUsingSemaphore - [running]
2025-12-07 14:11:33 [pool-1-thread-10] INFO  org.example.LoginServiceUsingSemaphore - [running]
2025-12-07 14:11:33 [pool-1-thread-1] INFO  org.example.LoginServiceUsingSemaphore - [running]
2025-12-07 14:11:33 [pool-1-thread-3] INFO  org.example.LoginServiceUsingSemaphore - [running]
2025-12-07 14:11:33 [pool-1-thread-4] INFO  org.example.LoginServiceUsingSemaphore - [running]
2025-12-07 14:11:33 [pool-1-thread-2] INFO  org.example.LoginServiceUsingSemaphore - [running]
2025-12-07 14:11:33 [pool-1-thread-8] INFO  org.example.LoginServiceUsingSemaphore - [running]
2025-12-07 14:11:33 [pool-1-thread-5] INFO  org.example.LoginServiceUsingSemaphore - [running]
2025-12-07 14:11:33 [pool-1-thread-6] INFO  org.example.LoginServiceUsingSemaphore - [running]
2025-12-07 14:11:33 [pool-1-thread-9] INFO  org.example.LoginServiceUsingSemaphore - [running]
2025-12-07 14:11:33 [main] INFO  org.example.LoginServiceUsingSemaphore - [running]
2025-12-07 14:11:33 [main] INFO  org.example.LoginServiceUsingSemaphore - [running]
2025-12-07 14:11:38 [pool-1-thread-2] INFO  org.example.LoginServiceUsingSemaphore - [running]
2025-12-07 14:11:38 [pool-1-thread-5] INFO  org.example.LoginServiceUsingSemaphore - [running]
2025-12-07 14:11:38 [pool-1-thread-7] INFO  org.example.LoginServiceUsingSemaphore - [running]
2025-12-07 14:11:38 [pool-1-thread-3] INFO  org.example.LoginServiceUsingSemaphore - [running]
2025-12-07 14:11:38 [pool-1-thread-4] INFO  org.example.LoginServiceUsingSemaphore - [running]
2025-12-07 14:11:38 [pool-1-thread-10] INFO  org.example.LoginServiceUsingSemaphore - [running]
2025-12-07 14:11:38 [pool-1-thread-9] INFO  org.example.LoginServiceUsingSemaphore - [running]
2025-12-07 14:11:38 [pool-1-thread-8] INFO  org.example.LoginServiceUsingSemaphore - [running]
2025-12-07 14:11:38 [pool-1-thread-1] INFO  org.example.LoginServiceUsingSemaphore - [running]
2025-12-07 14:11:38 [pool-1-thread-6] INFO  org.example.LoginServiceUsingSemaphore - [running]
2025-12-07 14:11:38 [main] INFO  org.example.LoginServiceUsingSemaphore - [running]
2025-12-07 14:11:38 [main] INFO  org.example.LoginServiceUsingSemaphore - [running]
2025-12-07 14:11:40 [pool-1-thread-9] INFO  org.example.LoginServiceUsingSemaphore - [running]
2025-12-07 14:11:40 [pool-1-thread-6] INFO  org.example.LoginServiceUsingSemaphore - [running]
2025-12-07 14:11:40 [pool-1-thread-7] INFO  org.example.LoginServiceUsingSemaphore - [running]
2025-12-07 14:11:40 [pool-1-thread-1] INFO  org.example.LoginServiceUsingSemaphore - [running]
2025-12-07 14:11:40 [pool-1-thread-4] INFO  org.example.LoginServiceUsingSemaphore - [running]
2025-12-07 14:11:40 [pool-1-thread-5] INFO  org.example.LoginServiceUsingSemaphore - [running]
2025-12-07 14:11:40 [pool-1-thread-8] INFO  org.example.LoginServiceUsingSemaphore - [running]
2025-12-07 14:11:40 [pool-1-thread-10] INFO  org.example.LoginServiceUsingSemaphore - [running]
2025-12-07 14:11:40 [pool-1-thread-2] INFO  org.example.LoginServiceUsingSemaphore - [running]
2025-12-07 14:11:40 [pool-1-thread-3] INFO  org.example.LoginServiceUsingSemaphore - [running]
2025-12-07 14:11:40 [main] INFO  org.example.LoginServiceUsingSemaphore - [running]
2025-12-07 14:11:40 [main] INFO  org.example.LoginServiceUsingSemaphore - [running]
2025-12-07 14:17:00 [pool-1-thread-9] INFO  org.example.LoginServiceUsingSemaphore - a thread %s
2025-12-07 14:17:00 [pool-1-thread-3] INFO  org.example.LoginServiceUsingSemaphore - a thread %s
2025-12-07 14:17:00 [pool-1-thread-2] INFO  org.example.LoginServiceUsingSemaphore - a thread %s
2025-12-07 14:17:00 [pool-1-thread-8] INFO  org.example.LoginServiceUsingSemaphore - a thread %s
2025-12-07 14:17:00 [pool-1-thread-1] INFO  org.example.LoginServiceUsingSemaphore - a thread %s
2025-12-07 14:17:00 [pool-1-thread-6] INFO  org.example.LoginServiceUsingSemaphore - a thread %s
2025-12-07 14:17:00 [pool-1-thread-5] INFO  org.example.LoginServiceUsingSemaphore - a thread %s
2025-12-07 14:17:00 [pool-1-thread-4] INFO  org.example.LoginServiceUsingSemaphore - a thread %s
2025-12-07 14:17:00 [pool-1-thread-7] INFO  org.example.LoginServiceUsingSemaphore - a thread %s
2025-12-07 14:17:00 [pool-1-thread-10] INFO  org.example.LoginServiceUsingSemaphore - a thread %s
2025-12-07 14:17:00 [main] INFO  org.example.LoginServiceUsingSemaphore - a thread %s
2025-12-07 14:17:00 [main] INFO  org.example.LoginServiceUsingSemaphore - a thread %s
2025-12-07 14:19:10 [pool-1-thread-4] INFO  org.example.LoginServiceUsingSemaphore - a thread pool-1-thread-4 conseguiu fazer o login
2025-12-07 14:19:10 [pool-1-thread-10] INFO  org.example.LoginServiceUsingSemaphore - a thread pool-1-thread-10 conseguiu fazer o login
2025-12-07 14:19:10 [pool-1-thread-2] INFO  org.example.LoginServiceUsingSemaphore - a thread pool-1-thread-2 conseguiu fazer o login
2025-12-07 14:19:10 [pool-1-thread-3] INFO  org.example.LoginServiceUsingSemaphore - a thread pool-1-thread-3 conseguiu fazer o login
2025-12-07 14:19:10 [pool-1-thread-8] INFO  org.example.LoginServiceUsingSemaphore - a thread pool-1-thread-8 conseguiu fazer o login
2025-12-07 14:19:10 [pool-1-thread-9] INFO  org.example.LoginServiceUsingSemaphore - a thread pool-1-thread-9 conseguiu fazer o login
2025-12-07 14:19:10 [pool-1-thread-1] INFO  org.example.LoginServiceUsingSemaphore - a thread pool-1-thread-1 conseguiu fazer o login
2025-12-07 14:19:10 [pool-1-thread-7] INFO  org.example.LoginServiceUsingSemaphore - a thread pool-1-thread-7 conseguiu fazer o login
2025-12-07 14:19:10 [pool-1-thread-5] INFO  org.example.LoginServiceUsingSemaphore - a thread pool-1-thread-5 conseguiu fazer o login
2025-12-07 14:19:10 [pool-1-thread-6] INFO  org.example.LoginServiceUsingSemaphore - a thread pool-1-thread-6 conseguiu fazer o login
2025-12-07 14:19:10 [main] INFO  org.example.LoginServiceUsingSemaphore - a thread main conseguiu fazer o login
2025-12-07 14:19:29 [pool-1-thread-10] INFO  org.example.LoginServiceUsingSemaphore - a thread pool-1-thread-10 conseguiu fazer o login
2025-12-07 14:19:29 [pool-1-thread-8] INFO  org.example.LoginServiceUsingSemaphore - a thread pool-1-thread-8 conseguiu fazer o login
2025-12-07 14:19:29 [pool-1-thread-7] INFO  org.example.LoginServiceUsingSemaphore - a thread pool-1-thread-7 conseguiu fazer o login
2025-12-07 14:19:29 [pool-1-thread-9] INFO  org.example.LoginServiceUsingSemaphore - a thread pool-1-thread-9 conseguiu fazer o login
2025-12-07 14:19:29 [pool-1-thread-4] INFO  org.example.LoginServiceUsingSemaphore - a thread pool-1-thread-4 conseguiu fazer o login
2025-12-07 14:19:29 [pool-1-thread-5] INFO  org.example.LoginServiceUsingSemaphore - a thread pool-1-thread-5 conseguiu fazer o login
2025-12-07 14:19:29 [pool-1-thread-6] INFO  org.example.LoginServiceUsingSemaphore - a thread pool-1-thread-6 conseguiu fazer o login
2025-12-07 14:19:29 [pool-1-thread-1] INFO  org.example.LoginServiceUsingSemaphore - a thread pool-1-thread-1 conseguiu fazer o login
2025-12-07 14:19:29 [pool-1-thread-2] INFO  org.example.LoginServiceUsingSemaphore - a thread pool-1-thread-2 conseguiu fazer o login
2025-12-07 14:19:29 [pool-1-thread-3] INFO  org.example.LoginServiceUsingSemaphore - a thread pool-1-thread-3 conseguiu fazer o login
2025-12-07 14:19:29 [main] ERROR org.example.LoginServiceUsingSemaphore - a thread main NÃO conseguiu fazer o login
2025-12-07 14:19:29 [main] INFO  org.example.LoginServiceUsingSemaphore - a thread main conseguiu fazer o login
2025-12-07 14:20:11 [pool-1-thread-8] INFO  org.example.LoginServiceUsingSemaphore - a thread pool-1-thread-8 conseguiu fazer o login
2025-12-07 14:20:11 [pool-1-thread-6] INFO  org.example.LoginServiceUsingSemaphore - a thread pool-1-thread-6 conseguiu fazer o login
2025-12-07 14:20:11 [pool-1-thread-15] ERROR org.example.LoginServiceUsingSemaphore - a thread pool-1-thread-15 NÃO conseguiu fazer o login
2025-12-07 14:20:11 [pool-1-thread-3] INFO  org.example.LoginServiceUsingSemaphore - a thread pool-1-thread-3 conseguiu fazer o login
2025-12-07 14:20:11 [pool-1-thread-9] INFO  org.example.LoginServiceUsingSemaphore - a thread pool-1-thread-9 conseguiu fazer o login
2025-12-07 14:20:11 [pool-1-thread-13] ERROR org.example.LoginServiceUsingSemaphore - a thread pool-1-thread-13 NÃO conseguiu fazer o login
2025-12-07 14:20:11 [pool-1-thread-4] INFO  org.example.LoginServiceUsingSemaphore - a thread pool-1-thread-4 conseguiu fazer o login
2025-12-07 14:20:11 [pool-1-thread-10] INFO  org.example.LoginServiceUsingSemaphore - a thread pool-1-thread-10 conseguiu fazer o login
2025-12-07 14:20:11 [pool-1-thread-11] ERROR org.example.LoginServiceUsingSemaphore - a thread pool-1-thread-11 NÃO conseguiu fazer o login
2025-12-07 14:20:11 [pool-1-thread-14] ERROR org.example.LoginServiceUsingSemaphore - a thread pool-1-thread-14 NÃO conseguiu fazer o login
2025-12-07 14:20:11 [pool-1-thread-2] INFO  org.example.LoginServiceUsingSemaphore - a thread pool-1-thread-2 conseguiu fazer o login
2025-12-07 14:20:11 [pool-1-thread-12] ERROR org.example.LoginServiceUsingSemaphore - a thread pool-1-thread-12 NÃO conseguiu fazer o login
2025-12-07 14:20:11 [pool-1-thread-7] INFO  org.example.LoginServiceUsingSemaphore - a thread pool-1-thread-7 conseguiu fazer o login
2025-12-07 14:20:11 [pool-1-thread-1] INFO  org.example.LoginServiceUsingSemaphore - a thread pool-1-thread-1 conseguiu fazer o login
2025-12-07 14:20:11 [pool-1-thread-5] INFO  org.example.LoginServiceUsingSemaphore - a thread pool-1-thread-5 conseguiu fazer o login
2025-12-07 14:20:11 [main] ERROR org.example.LoginServiceUsingSemaphore - a thread main NÃO conseguiu fazer o login
2025-12-07 14:20:11 [main] INFO  org.example.LoginServiceUsingSemaphore - a thread main conseguiu fazer o login
2025-12-07 14:25:36 [pool-1-thread-1] INFO  org.example.LoginServiceUsingSemaphore - Trying to make login...
2025-12-07 14:25:36 [pool-1-thread-2] INFO  org.example.LoginServiceUsingSemaphore - Trying to make login...
2025-12-07 14:25:39 [pool-1-thread-1] INFO  org.example.LoginServiceUsingSemaphore - Login done!
2025-12-07 14:25:39 [pool-1-thread-2] INFO  org.example.LoginServiceUsingSemaphore - Login done!
2025-12-07 14:26:38 [pool-1-thread-3] INFO  org.example.LoginServiceUsingSemaphore - Trying to make login...
2025-12-07 14:26:38 [pool-1-thread-1] INFO  org.example.LoginServiceUsingSemaphore - Trying to make login...
2025-12-07 14:26:38 [pool-1-thread-2] INFO  org.example.LoginServiceUsingSemaphore - Trying to make login...
2025-12-07 14:26:38 [pool-1-thread-4] INFO  org.example.LoginServiceUsingSemaphore - Trying to make login...
2025-12-07 14:26:41 [pool-1-thread-3] INFO  org.example.LoginServiceUsingSemaphore - Login done!
2025-12-07 14:26:41 [pool-1-thread-2] INFO  org.example.LoginServiceUsingSemaphore - Login done!
2025-12-07 14:27:16 [pool-1-thread-1] INFO  org.example.LoginServiceUsingSemaphore - Trying to make login...
2025-12-07 14:27:16 [pool-1-thread-2] INFO  org.example.LoginServiceUsingSemaphore - Trying to make login...
2025-12-07 14:27:16 [pool-1-thread-3] INFO  org.example.LoginServiceUsingSemaphore - Trying to make login...
2025-12-07 14:27:16 [pool-1-thread-4] INFO  org.example.LoginServiceUsingSemaphore - Trying to make login...
2025-12-07 14:27:19 [pool-1-thread-2] INFO  org.example.LoginServiceUsingSemaphore - Login done!
2025-12-07 14:27:19 [pool-1-thread-1] INFO  org.example.LoginServiceUsingSemaphore - Login done!
2025-12-07 14:27:19 [pool-1-thread-4] INFO  org.example.LoginServiceUsingSemaphore - Login done!
2025-12-07 14:27:19 [pool-1-thread-3] INFO  org.example.LoginServiceUsingSemaphore - Login done!
2025-12-07 14:27:53 [pool-1-thread-1] INFO  org.example.LoginServiceUsingSemaphore - Trying to make login...
2025-12-07 14:27:53 [pool-1-thread-3] INFO  org.example.LoginServiceUsingSemaphore - Trying to make login...
2025-12-07 14:27:53 [pool-1-thread-4] INFO  org.example.LoginServiceUsingSemaphore - Trying to make login...
2025-12-07 14:27:53 [pool-1-thread-2] INFO  org.example.LoginServiceUsingSemaphore - Trying to make login...
2025-12-07 14:27:56 [pool-1-thread-1] INFO  org.example.LoginServiceUsingSemaphore - Login done!
2025-12-07 14:27:56 [pool-1-thread-3] INFO  org.example.LoginServiceUsingSemaphore - Login done!
2025-12-07 14:28:52 [pool-1-thread-3] INFO  org.example.LoginServiceUsingSemaphore - Trying to make login...
2025-12-07 14:28:52 [pool-1-thread-4] INFO  org.example.LoginServiceUsingSemaphore - Trying to make login...
2025-12-07 14:28:52 [pool-1-thread-1] INFO  org.example.LoginServiceUsingSemaphore - Trying to make login...
2025-12-07 14:28:52 [pool-1-thread-2] INFO  org.example.LoginServiceUsingSemaphore - Trying to make login...
2025-12-07 14:28:55 [pool-1-thread-3] INFO  org.example.LoginServiceUsingSemaphore - Login done!
2025-12-07 14:28:55 [pool-1-thread-1] INFO  org.example.LoginServiceUsingSemaphore - Login done!
2025-12-07 14:28:58 [pool-1-thread-2] INFO  org.example.LoginServiceUsingSemaphore - Login done!
2025-12-07 14:28:58 [pool-1-thread-4] INFO  org.example.LoginServiceUsingSemaphore - Login done!
2025-12-27 19:03:27 [background-preinit] INFO  org.hibernate.validator.internal.util.Version - HV000001: Hibernate Validator 6.2.3.Final
2025-12-27 19:03:29 [main] INFO  org.hibernate.jpa.internal.util.LogHelper - HHH000204: Processing PersistenceUnitInfo [name: default]
2025-12-27 19:03:29 [main] INFO  org.hibernate.Version - HHH000412: Hibernate ORM core version 5.6.10.Final
2025-12-27 19:03:29 [main] INFO  org.hibernate.annotations.common.Version - HCANN000001: Hibernate Commons Annotations {5.1.2.Final}
2025-12-27 19:04:34 [background-preinit] INFO  org.hibernate.validator.internal.util.Version - HV000001: Hibernate Validator 6.2.3.Final
2025-12-27 19:04:36 [main] INFO  org.hibernate.jpa.internal.util.LogHelper - HHH000204: Processing PersistenceUnitInfo [name: default]
2025-12-27 19:04:36 [main] INFO  org.hibernate.Version - HHH000412: Hibernate ORM core version 5.6.10.Final
2025-12-27 19:04:36 [main] INFO  org.hibernate.annotations.common.Version - HCANN000001: Hibernate Commons Annotations {5.1.2.Final}
2025-12-27 19:05:59 [background-preinit] INFO  org.hibernate.validator.internal.util.Version - HV000001: Hibernate Validator 6.2.3.Final
2025-12-27 19:06:00 [main] INFO  org.hibernate.jpa.internal.util.LogHelper - HHH000204: Processing PersistenceUnitInfo [name: default]
2025-12-27 19:06:00 [main] INFO  org.hibernate.Version - HHH000412: Hibernate ORM core version 5.6.10.Final
2025-12-27 19:06:00 [main] INFO  org.hibernate.annotations.common.Version - HCANN000001: Hibernate Commons Annotations {5.1.2.Final}
2025-12-27 19:06:00 [main] INFO  org.hibernate.dialect.Dialect - HHH000400: Using dialect: org.hibernate.dialect.H2Dialect
2025-12-27 19:06:01 [main] INFO  org.hibernate.engine.transaction.jta.platform.internal.JtaPlatformInitiator - HHH000490: Using JtaPlatform implementation: [org.hibernate.engine.transaction.jta.platform.internal.NoJtaPlatform]
2025-12-27 19:08:17 [background-preinit] INFO  org.hibernate.validator.internal.util.Version - HV000001: Hibernate Validator 6.2.3.Final
2025-12-27 19:08:18 [main] INFO  org.hibernate.jpa.internal.util.LogHelper - HHH000204: Processing PersistenceUnitInfo [name: default]
2025-12-27 19:08:18 [main] INFO  org.hibernate.Version - HHH000412: Hibernate ORM core version 5.6.10.Final
2025-12-27 19:08:19 [main] INFO  org.hibernate.annotations.common.Version - HCANN000001: Hibernate Commons Annotations {5.1.2.Final}
2025-12-27 19:08:19 [main] INFO  org.hibernate.dialect.Dialect - HHH000400: Using dialect: org.hibernate.dialect.H2Dialect
2025-12-27 19:08:19 [main] INFO  org.hibernate.engine.transaction.jta.platform.internal.JtaPlatformInitiator - HHH000490: Using JtaPlatform implementation: [org.hibernate.engine.transaction.jta.platform.internal.NoJtaPlatform]
2025-12-27 19:13:03 [background-preinit] INFO  org.hibernate.validator.internal.util.Version - HV000001: Hibernate Validator 6.2.3.Final
2025-12-27 19:13:04 [main] INFO  org.hibernate.jpa.internal.util.LogHelper - HHH000204: Processing PersistenceUnitInfo [name: default]
2025-12-27 19:13:05 [main] INFO  org.hibernate.Version - HHH000412: Hibernate ORM core version 5.6.10.Final
2025-12-27 19:13:05 [main] INFO  org.hibernate.annotations.common.Version - HCANN000001: Hibernate Commons Annotations {5.1.2.Final}
2025-12-27 19:13:05 [main] INFO  org.hibernate.dialect.Dialect - HHH000400: Using dialect: org.hibernate.dialect.H2Dialect
2025-12-27 19:13:05 [main] INFO  org.hibernate.engine.transaction.jta.platform.internal.JtaPlatformInitiator - HHH000490: Using JtaPlatform implementation: [org.hibernate.engine.transaction.jta.platform.internal.NoJtaPlatform]
2025-12-27 19:13:05 [main] INFO  org.hibernate.tool.schema.internal.SchemaDropperImpl$DelayedDropActionImpl - HHH000477: Starting delayed evictData of schema as part of SessionFactory shut-down'
2025-12-27 19:13:43 [background-preinit] INFO  org.hibernate.validator.internal.util.Version - HV000001: Hibernate Validator 6.2.3.Final
2025-12-27 19:13:45 [main] INFO  org.hibernate.jpa.internal.util.LogHelper - HHH000204: Processing PersistenceUnitInfo [name: default]
2025-12-27 19:13:45 [main] INFO  org.hibernate.Version - HHH000412: Hibernate ORM core version 5.6.10.Final
2025-12-27 19:13:45 [main] INFO  org.hibernate.annotations.common.Version - HCANN000001: Hibernate Commons Annotations {5.1.2.Final}
2025-12-27 19:13:45 [main] INFO  org.hibernate.dialect.Dialect - HHH000400: Using dialect: org.hibernate.dialect.H2Dialect
2025-12-27 19:13:46 [main] INFO  org.hibernate.engine.transaction.jta.platform.internal.JtaPlatformInitiator - HHH000490: Using JtaPlatform implementation: [org.hibernate.engine.transaction.jta.platform.internal.NoJtaPlatform]
2025-12-27 19:14:07 [background-preinit] INFO  org.hibernate.validator.internal.util.Version - HV000001: Hibernate Validator 6.2.3.Final
2025-12-27 19:14:09 [main] INFO  org.hibernate.jpa.internal.util.LogHelper - HHH000204: Processing PersistenceUnitInfo [name: default]
2025-12-27 19:14:09 [main] INFO  org.hibernate.Version - HHH000412: Hibernate ORM core version 5.6.10.Final
2025-12-27 19:14:09 [main] INFO  org.hibernate.annotations.common.Version - HCANN000001: Hibernate Commons Annotations {5.1.2.Final}
2025-12-27 19:14:09 [main] INFO  org.hibernate.dialect.Dialect - HHH000400: Using dialect: org.hibernate.dialect.H2Dialect
2025-12-27 19:14:10 [main] INFO  org.hibernate.engine.transaction.jta.platform.internal.JtaPlatformInitiator - HHH000490: Using JtaPlatform implementation: [org.hibernate.engine.transaction.jta.platform.internal.NoJtaPlatform]
2025-12-27 19:18:01 [background-preinit] INFO  org.hibernate.validator.internal.util.Version - HV000001: Hibernate Validator 6.2.3.Final
2025-12-27 19:18:03 [main] INFO  org.hibernate.jpa.internal.util.LogHelper - HHH000204: Processing PersistenceUnitInfo [name: default]
2025-12-27 19:18:03 [main] INFO  org.hibernate.Version - HHH000412: Hibernate ORM core version 5.6.10.Final
2025-12-27 19:18:03 [main] INFO  org.hibernate.annotations.common.Version - HCANN000001: Hibernate Commons Annotations {5.1.2.Final}
2025-12-27 19:18:03 [main] INFO  org.hibernate.dialect.Dialect - HHH000400: Using dialect: org.hibernate.dialect.H2Dialect
2025-12-27 19:18:03 [main] INFO  org.hibernate.engine.transaction.jta.platform.internal.JtaPlatformInitiator - HHH000490: Using JtaPlatform implementation: [org.hibernate.engine.transaction.jta.platform.internal.NoJtaPlatform]
2025-12-27 19:18:04 [main] INFO  org.hibernate.tool.schema.internal.SchemaDropperImpl$DelayedDropActionImpl - HHH000477: Starting delayed evictData of schema as part of SessionFactory shut-down'
2025-12-27 19:18:43 [background-preinit] INFO  org.hibernate.validator.internal.util.Version - HV000001: Hibernate Validator 6.2.3.Final
2025-12-27 19:18:45 [main] INFO  org.hibernate.jpa.internal.util.LogHelper - HHH000204: Processing PersistenceUnitInfo [name: default]
2025-12-27 19:18:45 [main] INFO  org.hibernate.Version - HHH000412: Hibernate ORM core version 5.6.10.Final
2025-12-27 19:18:45 [main] INFO  org.hibernate.annotations.common.Version - HCANN000001: Hibernate Commons Annotations {5.1.2.Final}
2025-12-27 19:18:45 [main] INFO  org.hibernate.dialect.Dialect - HHH000400: Using dialect: org.hibernate.dialect.H2Dialect
2025-12-27 19:18:46 [main] INFO  org.hibernate.engine.transaction.jta.platform.internal.JtaPlatformInitiator - HHH000490: Using JtaPlatform implementation: [org.hibernate.engine.transaction.jta.platform.internal.NoJtaPlatform]
2025-12-27 19:18:46 [main] INFO  org.hibernate.tool.schema.internal.SchemaDropperImpl$DelayedDropActionImpl - HHH000477: Starting delayed evictData of schema as part of SessionFactory shut-down'
2025-12-27 19:20:59 [background-preinit] INFO  org.hibernate.validator.internal.util.Version - HV000001: Hibernate Validator 6.2.3.Final
2025-12-27 19:21:00 [main] INFO  org.hibernate.jpa.internal.util.LogHelper - HHH000204: Processing PersistenceUnitInfo [name: default]
2025-12-27 19:21:00 [main] INFO  org.hibernate.Version - HHH000412: Hibernate ORM core version 5.6.10.Final
2025-12-27 19:21:01 [main] INFO  org.hibernate.annotations.common.Version - HCANN000001: Hibernate Commons Annotations {5.1.2.Final}
2025-12-27 19:21:01 [main] INFO  org.hibernate.dialect.Dialect - HHH000400: Using dialect: org.hibernate.dialect.H2Dialect
2025-12-27 19:21:01 [main] INFO  org.hibernate.engine.transaction.jta.platform.internal.JtaPlatformInitiator - HHH000490: Using JtaPlatform implementation: [org.hibernate.engine.transaction.jta.platform.internal.NoJtaPlatform]
2025-12-27 19:28:50 [background-preinit] INFO  org.hibernate.validator.internal.util.Version - HV000001: Hibernate Validator 6.2.3.Final
2025-12-27 19:28:52 [main] INFO  org.hibernate.jpa.internal.util.LogHelper - HHH000204: Processing PersistenceUnitInfo [name: default]
2025-12-27 19:28:52 [main] INFO  org.hibernate.Version - HHH000412: Hibernate ORM core version 5.6.10.Final
2025-12-27 19:28:53 [main] INFO  org.hibernate.annotations.common.Version - HCANN000001: Hibernate Commons Annotations {5.1.2.Final}
2025-12-27 19:28:53 [main] INFO  org.hibernate.dialect.Dialect - HHH000400: Using dialect: org.hibernate.dialect.H2Dialect
2025-12-27 19:28:53 [main] INFO  org.hibernate.engine.transaction.jta.platform.internal.JtaPlatformInitiator - HHH000490: Using JtaPlatform implementation: [org.hibernate.engine.transaction.jta.platform.internal.NoJtaPlatform]
2025-12-27 19:32:29 [background-preinit] INFO  org.hibernate.validator.internal.util.Version - HV000001: Hibernate Validator 6.2.3.Final
2025-12-27 19:32:31 [main] INFO  org.hibernate.jpa.internal.util.LogHelper - HHH000204: Processing PersistenceUnitInfo [name: default]
2025-12-27 19:32:31 [main] INFO  org.hibernate.Version - HHH000412: Hibernate ORM core version 5.6.10.Final
2025-12-27 19:32:31 [main] INFO  org.hibernate.annotations.common.Version - HCANN000001: Hibernate Commons Annotations {5.1.2.Final}
2025-12-27 19:32:31 [main] INFO  org.hibernate.dialect.Dialect - HHH000400: Using dialect: org.hibernate.dialect.H2Dialect
2025-12-27 19:32:31 [main] INFO  org.hibernate.engine.transaction.jta.platform.internal.JtaPlatformInitiator - HHH000490: Using JtaPlatform implementation: [org.hibernate.engine.transaction.jta.platform.internal.NoJtaPlatform]
2025-12-27 19:34:45 [background-preinit] INFO  org.hibernate.validator.internal.util.Version - HV000001: Hibernate Validator 6.2.3.Final
2025-12-27 19:34:47 [main] INFO  org.hibernate.jpa.internal.util.LogHelper - HHH000204: Processing PersistenceUnitInfo [name: default]
2025-12-27 19:34:47 [main] INFO  org.hibernate.Version - HHH000412: Hibernate ORM core version 5.6.10.Final
2025-12-27 19:34:48 [main] INFO  org.hibernate.annotations.common.Version - HCANN000001: Hibernate Commons Annotations {5.1.2.Final}
2025-12-27 19:34:48 [main] INFO  org.hibernate.dialect.Dialect - HHH000400: Using dialect: org.hibernate.dialect.H2Dialect
2025-12-27 19:34:48 [main] INFO  org.hibernate.engine.transaction.jta.platform.internal.JtaPlatformInitiator - HHH000490: Using JtaPlatform implementation: [org.hibernate.engine.transaction.jta.platform.internal.NoJtaPlatform]
2025-12-27 19:35:22 [background-preinit] INFO  org.hibernate.validator.internal.util.Version - HV000001: Hibernate Validator 6.2.3.Final
2025-12-27 19:35:24 [main] INFO  org.hibernate.jpa.internal.util.LogHelper - HHH000204: Processing PersistenceUnitInfo [name: default]
2025-12-27 19:35:24 [main] INFO  org.hibernate.Version - HHH000412: Hibernate ORM core version 5.6.10.Final
2025-12-27 19:35:24 [main] INFO  org.hibernate.annotations.common.Version - HCANN000001: Hibernate Commons Annotations {5.1.2.Final}
2025-12-27 19:35:24 [main] INFO  org.hibernate.dialect.Dialect - HHH000400: Using dialect: org.hibernate.dialect.H2Dialect
2025-12-27 19:35:25 [main] INFO  org.hibernate.engine.transaction.jta.platform.internal.JtaPlatformInitiator - HHH000490: Using JtaPlatform implementation: [org.hibernate.engine.transaction.jta.platform.internal.NoJtaPlatform]
2025-12-27 19:36:04 [background-preinit] INFO  org.hibernate.validator.internal.util.Version - HV000001: Hibernate Validator 6.2.3.Final
2025-12-27 19:36:06 [main] INFO  org.hibernate.jpa.internal.util.LogHelper - HHH000204: Processing PersistenceUnitInfo [name: default]
2025-12-27 19:36:06 [main] INFO  org.hibernate.Version - HHH000412: Hibernate ORM core version 5.6.10.Final
2025-12-27 19:36:06 [main] INFO  org.hibernate.annotations.common.Version - HCANN000001: Hibernate Commons Annotations {5.1.2.Final}
2025-12-27 19:36:07 [main] INFO  org.hibernate.dialect.Dialect - HHH000400: Using dialect: org.hibernate.dialect.H2Dialect
2025-12-27 19:36:07 [main] INFO  org.hibernate.engine.transaction.jta.platform.internal.JtaPlatformInitiator - HHH000490: Using JtaPlatform implementation: [org.hibernate.engine.transaction.jta.platform.internal.NoJtaPlatform]
2025-12-27 19:37:42 [background-preinit] INFO  org.hibernate.validator.internal.util.Version - HV000001: Hibernate Validator 6.2.3.Final
2025-12-27 19:37:44 [main] INFO  org.hibernate.jpa.internal.util.LogHelper - HHH000204: Processing PersistenceUnitInfo [name: default]
2025-12-27 19:37:44 [main] INFO  org.hibernate.Version - HHH000412: Hibernate ORM core version 5.6.10.Final
2025-12-27 19:37:44 [main] INFO  org.hibernate.annotations.common.Version - HCANN000001: Hibernate Commons Annotations {5.1.2.Final}
2025-12-27 19:37:44 [main] INFO  org.hibernate.dialect.Dialect - HHH000400: Using dialect: org.hibernate.dialect.H2Dialect
2025-12-27 19:37:44 [main] INFO  org.hibernate.engine.transaction.jta.platform.internal.JtaPlatformInitiator - HHH000490: Using JtaPlatform implementation: [org.hibernate.engine.transaction.jta.platform.internal.NoJtaPlatform]
2025-12-27 19:39:47 [background-preinit] INFO  org.hibernate.validator.internal.util.Version - HV000001: Hibernate Validator 6.2.3.Final
2025-12-27 19:39:49 [main] INFO  org.hibernate.jpa.internal.util.LogHelper - HHH000204: Processing PersistenceUnitInfo [name: default]
2025-12-27 19:39:49 [main] INFO  org.hibernate.Version - HHH000412: Hibernate ORM core version 5.6.10.Final
2025-12-27 19:39:50 [main] INFO  org.hibernate.annotations.common.Version - HCANN000001: Hibernate Commons Annotations {5.1.2.Final}
2025-12-27 19:39:50 [main] INFO  org.hibernate.dialect.Dialect - HHH000400: Using dialect: org.hibernate.dialect.H2Dialect
2025-12-27 19:39:50 [main] INFO  org.hibernate.engine.transaction.jta.platform.internal.JtaPlatformInitiator - HHH000490: Using JtaPlatform implementation: [org.hibernate.engine.transaction.jta.platform.internal.NoJtaPlatform]
2025-12-27 19:40:11 [background-preinit] INFO  org.hibernate.validator.internal.util.Version - HV000001: Hibernate Validator 6.2.3.Final
2025-12-27 19:40:12 [main] INFO  org.hibernate.jpa.internal.util.LogHelper - HHH000204: Processing PersistenceUnitInfo [name: default]
2025-12-27 19:40:12 [main] INFO  org.hibernate.Version - HHH000412: Hibernate ORM core version 5.6.10.Final
2025-12-27 19:40:13 [main] INFO  org.hibernate.annotations.common.Version - HCANN000001: Hibernate Commons Annotations {5.1.2.Final}
2025-12-27 19:40:13 [main] INFO  org.hibernate.dialect.Dialect - HHH000400: Using dialect: org.hibernate.dialect.H2Dialect
2025-12-27 19:40:13 [main] INFO  org.hibernate.engine.transaction.jta.platform.internal.JtaPlatformInitiator - HHH000490: Using JtaPlatform implementation: [org.hibernate.engine.transaction.jta.platform.internal.NoJtaPlatform]
2025-12-27 19:43:44 [background-preinit] INFO  org.hibernate.validator.internal.util.Version - HV000001: Hibernate Validator 6.2.3.Final
2025-12-27 19:43:45 [main] INFO  org.hibernate.jpa.internal.util.LogHelper - HHH000204: Processing PersistenceUnitInfo [name: default]
2025-12-27 19:43:45 [main] INFO  org.hibernate.Version - HHH000412: Hibernate ORM core version 5.6.10.Final
2025-12-27 19:43:45 [main] INFO  org.hibernate.annotations.common.Version - HCANN000001: Hibernate Commons Annotations {5.1.2.Final}
2025-12-27 19:43:45 [main] INFO  org.hibernate.dialect.Dialect - HHH000400: Using dialect: org.hibernate.dialect.H2Dialect
2025-12-27 19:43:46 [main] INFO  org.hibernate.engine.transaction.jta.platform.internal.JtaPlatformInitiator - HHH000490: Using JtaPlatform implementation: [org.hibernate.engine.transaction.jta.platform.internal.NoJtaPlatform]
2025-12-29 10:39:14 [background-preinit] INFO  org.hibernate.validator.internal.util.Version - HV000001: Hibernate Validator 6.2.3.Final
2025-12-29 10:39:16 [main] INFO  org.hibernate.jpa.internal.util.LogHelper - HHH000204: Processing PersistenceUnitInfo [name: default]
2025-12-29 10:39:16 [main] INFO  org.hibernate.Version - HHH000412: Hibernate ORM core version 5.6.10.Final
2025-12-29 10:39:17 [main] INFO  org.hibernate.annotations.common.Version - HCANN000001: Hibernate Commons Annotations {5.1.2.Final}
2025-12-29 10:39:17 [main] INFO  org.hibernate.dialect.Dialect - HHH000400: Using dialect: org.hibernate.dialect.H2Dialect
2025-12-29 10:39:18 [main] INFO  org.hibernate.engine.transaction.jta.platform.internal.JtaPlatformInitiator - HHH000490: Using JtaPlatform implementation: [org.hibernate.engine.transaction.jta.platform.internal.NoJtaPlatform]
2025-12-29 11:02:36 [background-preinit] INFO  org.hibernate.validator.internal.util.Version - HV000001: Hibernate Validator 6.2.3.Final
2025-12-29 11:02:38 [main] INFO  org.hibernate.jpa.internal.util.LogHelper - HHH000204: Processing PersistenceUnitInfo [name: default]
2025-12-29 11:02:38 [main] INFO  org.hibernate.Version - HHH000412: Hibernate ORM core version 5.6.10.Final
2025-12-29 11:02:38 [main] INFO  org.hibernate.annotations.common.Version - HCANN000001: Hibernate Commons Annotations {5.1.2.Final}
2025-12-29 11:02:38 [main] INFO  org.hibernate.dialect.Dialect - HHH000400: Using dialect: org.hibernate.dialect.H2Dialect
2025-12-29 11:02:38 [main] INFO  org.hibernate.engine.transaction.jta.platform.internal.JtaPlatformInitiator - HHH000490: Using JtaPlatform implementation: [org.hibernate.engine.transaction.jta.platform.internal.NoJtaPlatform]
2025-12-30 11:04:49 [background-preinit] INFO  org.hibernate.validator.internal.util.Version - HV000001: Hibernate Validator 6.2.3.Final
2025-12-30 11:04:51 [main] INFO  org.hibernate.jpa.internal.util.LogHelper - HHH000204: Processing PersistenceUnitInfo [name: default]
2025-12-30 11:04:51 [main] INFO  org.hibernate.Version - HHH000412: Hibernate ORM core version 5.6.10.Final
2025-12-30 11:04:51 [main] INFO  org.hibernate.annotations.common.Version - HCANN000001: Hibernate Commons Annotations {5.1.2.Final}
2025-12-30 11:04:51 [main] INFO  org.hibernate.dialect.Dialect - HHH000400: Using dialect: org.hibernate.dialect.H2Dialect
2025-12-30 11:04:52 [main] INFO  org.hibernate.engine.transaction.jta.platform.internal.JtaPlatformInitiator - HHH000490: Using JtaPlatform implementation: [org.hibernate.engine.transaction.jta.platform.internal.NoJtaPlatform]
2025-12-30 14:24:39 [background-preinit] INFO  org.hibernate.validator.internal.util.Version - HV000001: Hibernate Validator 6.2.3.Final
2025-12-30 14:24:41 [main] INFO  org.hibernate.jpa.internal.util.LogHelper - HHH000204: Processing PersistenceUnitInfo [name: default]
2025-12-30 14:24:41 [main] INFO  org.hibernate.Version - HHH000412: Hibernate ORM core version 5.6.10.Final
2025-12-30 14:24:41 [main] INFO  org.hibernate.annotations.common.Version - HCANN000001: Hibernate Commons Annotations {5.1.2.Final}
2025-12-30 14:24:42 [main] INFO  org.hibernate.dialect.Dialect - HHH000400: Using dialect: org.hibernate.dialect.H2Dialect
2025-12-30 14:24:42 [main] INFO  org.hibernate.engine.transaction.jta.platform.internal.JtaPlatformInitiator - HHH000490: Using JtaPlatform implementation: [org.hibernate.engine.transaction.jta.platform.internal.NoJtaPlatform]
2025-12-30 14:25:26 [background-preinit] INFO  org.hibernate.validator.internal.util.Version - HV000001: Hibernate Validator 6.2.3.Final
2025-12-30 14:25:28 [main] INFO  org.hibernate.jpa.internal.util.LogHelper - HHH000204: Processing PersistenceUnitInfo [name: default]
2025-12-30 14:25:28 [main] INFO  org.hibernate.Version - HHH000412: Hibernate ORM core version 5.6.10.Final
2025-12-30 14:25:28 [main] INFO  org.hibernate.annotations.common.Version - HCANN000001: Hibernate Commons Annotations {5.1.2.Final}
2025-12-30 14:25:28 [main] INFO  org.hibernate.dialect.Dialect - HHH000400: Using dialect: org.hibernate.dialect.H2Dialect
2025-12-30 14:25:29 [main] INFO  org.hibernate.engine.transaction.jta.platform.internal.JtaPlatformInitiator - HHH000490: Using JtaPlatform implementation: [org.hibernate.engine.transaction.jta.platform.internal.NoJtaPlatform]
2025-12-30 14:26:52 [background-preinit] INFO  org.hibernate.validator.internal.util.Version - HV000001: Hibernate Validator 6.2.3.Final
2025-12-30 14:26:54 [main] INFO  org.hibernate.jpa.internal.util.LogHelper - HHH000204: Processing PersistenceUnitInfo [name: default]
2025-12-30 14:26:54 [main] INFO  org.hibernate.Version - HHH000412: Hibernate ORM core version 5.6.10.Final
2025-12-30 14:26:54 [main] INFO  org.hibernate.annotations.common.Version - HCANN000001: Hibernate Commons Annotations {5.1.2.Final}
2025-12-30 14:26:54 [main] INFO  org.hibernate.dialect.Dialect - HHH000400: Using dialect: org.hibernate.dialect.H2Dialect
2025-12-30 14:26:55 [main] INFO  org.hibernate.engine.transaction.jta.platform.internal.JtaPlatformInitiator - HHH000490: Using JtaPlatform implementation: [org.hibernate.engine.transaction.jta.platform.internal.NoJtaPlatform]
2025-12-30 14:27:04 [pool-2-thread-1] WARN  org.hibernate.engine.jdbc.spi.SqlExceptionHelper - SQL Error: 23502, SQLState: 23502
2025-12-30 14:27:04 [pool-2-thread-2] WARN  org.hibernate.engine.jdbc.spi.SqlExceptionHelper - SQL Error: 23502, SQLState: 23502
2025-12-30 14:27:04 [pool-2-thread-1] ERROR org.hibernate.engine.jdbc.spi.SqlExceptionHelper - NULL not allowed for column "IDT_USER"; SQL statement:
INSERT INTO USERS (NAME, AGE, CHANGE_AGENT) VALUES (?, ?, ?) [23502-214]
2025-12-30 14:27:04 [pool-2-thread-2] ERROR org.hibernate.engine.jdbc.spi.SqlExceptionHelper - NULL not allowed for column "IDT_USER"; SQL statement:
INSERT INTO USERS (NAME, AGE, CHANGE_AGENT) VALUES (?, ?, ?) [23502-214]
2025-12-30 14:28:13 [background-preinit] INFO  org.hibernate.validator.internal.util.Version - HV000001: Hibernate Validator 6.2.3.Final
2025-12-30 14:28:15 [main] INFO  org.hibernate.jpa.internal.util.LogHelper - HHH000204: Processing PersistenceUnitInfo [name: default]
2025-12-30 14:28:15 [main] INFO  org.hibernate.Version - HHH000412: Hibernate ORM core version 5.6.10.Final
2025-12-30 14:28:15 [main] INFO  org.hibernate.annotations.common.Version - HCANN000001: Hibernate Commons Annotations {5.1.2.Final}
2025-12-30 14:28:15 [main] INFO  org.hibernate.dialect.Dialect - HHH000400: Using dialect: org.hibernate.dialect.H2Dialect
2025-12-30 14:28:16 [main] INFO  org.hibernate.engine.transaction.jta.platform.internal.JtaPlatformInitiator - HHH000490: Using JtaPlatform implementation: [org.hibernate.engine.transaction.jta.platform.internal.NoJtaPlatform]
2026-01-01 11:51:13 [background-preinit] INFO  org.hibernate.validator.internal.util.Version - HV000001: Hibernate Validator 6.2.3.Final
2026-01-01 11:51:15 [main] INFO  org.hibernate.jpa.internal.util.LogHelper - HHH000204: Processing PersistenceUnitInfo [name: default]
2026-01-01 11:51:15 [main] INFO  org.hibernate.Version - HHH000412: Hibernate ORM core version 5.6.10.Final
2026-01-01 11:51:16 [main] INFO  org.hibernate.annotations.common.Version - HCANN000001: Hibernate Commons Annotations {5.1.2.Final}
2026-01-01 11:51:16 [main] INFO  org.hibernate.dialect.Dialect - HHH000400: Using dialect: org.hibernate.dialect.H2Dialect
2026-01-01 11:51:16 [main] INFO  org.hibernate.engine.transaction.jta.platform.internal.JtaPlatformInitiator - HHH000490: Using JtaPlatform implementation: [org.hibernate.engine.transaction.jta.platform.internal.NoJtaPlatform]
2026-01-01 11:52:47 [background-preinit] INFO  org.hibernate.validator.internal.util.Version - HV000001: Hibernate Validator 6.2.3.Final
2026-01-01 11:52:49 [main] INFO  org.hibernate.jpa.internal.util.LogHelper - HHH000204: Processing PersistenceUnitInfo [name: default]
2026-01-01 11:52:49 [main] INFO  org.hibernate.Version - HHH000412: Hibernate ORM core version 5.6.10.Final
2026-01-01 11:52:49 [main] INFO  org.hibernate.annotations.common.Version - HCANN000001: Hibernate Commons Annotations {5.1.2.Final}
2026-01-01 11:52:49 [main] INFO  org.hibernate.dialect.Dialect - HHH000400: Using dialect: org.hibernate.dialect.H2Dialect
2026-01-01 11:52:50 [main] INFO  org.hibernate.engine.transaction.jta.platform.internal.JtaPlatformInitiator - HHH000490: Using JtaPlatform implementation: [org.hibernate.engine.transaction.jta.platform.internal.NoJtaPlatform]
2026-01-01 11:53:29 [background-preinit] INFO  org.hibernate.validator.internal.util.Version - HV000001: Hibernate Validator 6.2.3.Final
2026-01-01 11:53:31 [main] INFO  org.hibernate.jpa.internal.util.LogHelper - HHH000204: Processing PersistenceUnitInfo [name: default]
2026-01-01 11:53:31 [main] INFO  org.hibernate.Version - HHH000412: Hibernate ORM core version 5.6.10.Final
2026-01-01 11:53:31 [main] INFO  org.hibernate.annotations.common.Version - HCANN000001: Hibernate Commons Annotations {5.1.2.Final}
2026-01-01 11:53:31 [main] INFO  org.hibernate.dialect.Dialect - HHH000400: Using dialect: org.hibernate.dialect.H2Dialect
2026-01-01 11:53:32 [main] INFO  org.hibernate.engine.transaction.jta.platform.internal.JtaPlatformInitiator - HHH000490: Using JtaPlatform implementation: [org.hibernate.engine.transaction.jta.platform.internal.NoJtaPlatform]
2026-01-01 11:58:09 [background-preinit] INFO  org.hibernate.validator.internal.util.Version - HV000001: Hibernate Validator 6.2.3.Final
2026-01-01 11:58:12 [main] INFO  org.hibernate.jpa.internal.util.LogHelper - HHH000204: Processing PersistenceUnitInfo [name: default]
2026-01-01 11:58:12 [main] INFO  org.hibernate.Version - HHH000412: Hibernate ORM core version 5.6.10.Final
2026-01-01 11:58:12 [main] INFO  org.hibernate.annotations.common.Version - HCANN000001: Hibernate Commons Annotations {5.1.2.Final}
2026-01-01 11:58:12 [main] INFO  org.hibernate.dialect.Dialect - HHH000400: Using dialect: org.hibernate.dialect.H2Dialect
2026-01-01 11:58:13 [main] INFO  org.hibernate.engine.transaction.jta.platform.internal.JtaPlatformInitiator - HHH000490: Using JtaPlatform implementation: [org.hibernate.engine.transaction.jta.platform.internal.NoJtaPlatform]
2026-01-01 12:00:33 [background-preinit] INFO  org.hibernate.validator.internal.util.Version - HV000001: Hibernate Validator 6.2.3.Final
2026-01-01 12:00:36 [main] INFO  org.hibernate.jpa.internal.util.LogHelper - HHH000204: Processing PersistenceUnitInfo [name: default]
2026-01-01 12:00:37 [main] INFO  org.hibernate.Version - HHH000412: Hibernate ORM core version 5.6.10.Final
2026-01-01 12:00:37 [main] INFO  org.hibernate.annotations.common.Version - HCANN000001: Hibernate Commons Annotations {5.1.2.Final}
2026-01-01 12:00:37 [main] INFO  org.hibernate.dialect.Dialect - HHH000400: Using dialect: org.hibernate.dialect.H2Dialect
2026-01-01 12:00:38 [main] INFO  org.hibernate.engine.transaction.jta.platform.internal.JtaPlatformInitiator - HHH000490: Using JtaPlatform implementation: [org.hibernate.engine.transaction.jta.platform.internal.NoJtaPlatform]
2026-01-01 12:02:52 [background-preinit] INFO  org.hibernate.validator.internal.util.Version - HV000001: Hibernate Validator 6.2.3.Final
2026-01-01 12:02:54 [main] INFO  org.hibernate.jpa.internal.util.LogHelper - HHH000204: Processing PersistenceUnitInfo [name: default]
2026-01-01 12:02:54 [main] INFO  org.hibernate.Version - HHH000412: Hibernate ORM core version 5.6.10.Final
2026-01-01 12:02:54 [main] INFO  org.hibernate.annotations.common.Version - HCANN000001: Hibernate Commons Annotations {5.1.2.Final}
2026-01-01 12:02:54 [main] INFO  org.hibernate.dialect.Dialect - HHH000400: Using dialect: org.hibernate.dialect.H2Dialect
2026-01-01 12:02:55 [main] INFO  org.hibernate.engine.transaction.jta.platform.internal.JtaPlatformInitiator - HHH000490: Using JtaPlatform implementation: [org.hibernate.engine.transaction.jta.platform.internal.NoJtaPlatform]
2026-01-01 12:04:10 [background-preinit] INFO  org.hibernate.validator.internal.util.Version - HV000001: Hibernate Validator 6.2.3.Final
2026-01-01 12:04:12 [main] INFO  org.hibernate.jpa.internal.util.LogHelper - HHH000204: Processing PersistenceUnitInfo [name: default]
2026-01-01 12:04:12 [main] INFO  org.hibernate.Version - HHH000412: Hibernate ORM core version 5.6.10.Final
2026-01-01 12:04:12 [main] INFO  org.hibernate.annotations.common.Version - HCANN000001: Hibernate Commons Annotations {5.1.2.Final}
2026-01-01 12:04:12 [main] INFO  org.hibernate.dialect.Dialect - HHH000400: Using dialect: org.hibernate.dialect.H2Dialect
2026-01-01 12:04:12 [main] INFO  org.hibernate.engine.transaction.jta.platform.internal.JtaPlatformInitiator - HHH000490: Using JtaPlatform implementation: [org.hibernate.engine.transaction.jta.platform.internal.NoJtaPlatform]
2026-01-01 12:05:49 [background-preinit] INFO  org.hibernate.validator.internal.util.Version - HV000001: Hibernate Validator 6.2.3.Final
2026-01-01 12:05:51 [main] INFO  org.hibernate.jpa.internal.util.LogHelper - HHH000204: Processing PersistenceUnitInfo [name: default]
2026-01-01 12:05:51 [main] INFO  org.hibernate.Version - HHH000412: Hibernate ORM core version 5.6.10.Final
2026-01-01 12:05:51 [main] INFO  org.hibernate.annotations.common.Version - HCANN000001: Hibernate Commons Annotations {5.1.2.Final}
2026-01-01 12:05:52 [main] INFO  org.hibernate.dialect.Dialect - HHH000400: Using dialect: org.hibernate.dialect.H2Dialect
2026-01-01 12:05:52 [main] INFO  org.hibernate.engine.transaction.jta.platform.internal.JtaPlatformInitiator - HHH000490: Using JtaPlatform implementation: [org.hibernate.engine.transaction.jta.platform.internal.NoJtaPlatform]
2026-01-01 12:08:30 [background-preinit] INFO  org.hibernate.validator.internal.util.Version - HV000001: Hibernate Validator 6.2.3.Final
2026-01-01 12:08:32 [main] INFO  org.hibernate.jpa.internal.util.LogHelper - HHH000204: Processing PersistenceUnitInfo [name: default]
2026-01-01 12:08:32 [main] INFO  org.hibernate.Version - HHH000412: Hibernate ORM core version 5.6.10.Final
2026-01-01 12:08:32 [main] INFO  org.hibernate.annotations.common.Version - HCANN000001: Hibernate Commons Annotations {5.1.2.Final}
2026-01-01 12:08:33 [main] INFO  org.hibernate.dialect.Dialect - HHH000400: Using dialect: org.hibernate.dialect.H2Dialect
2026-01-01 12:08:33 [main] INFO  org.hibernate.engine.transaction.jta.platform.internal.JtaPlatformInitiator - HHH000490: Using JtaPlatform implementation: [org.hibernate.engine.transaction.jta.platform.internal.NoJtaPlatform]
2026-01-01 12:10:59 [background-preinit] INFO  org.hibernate.validator.internal.util.Version - HV000001: Hibernate Validator 6.2.3.Final
2026-01-01 12:11:01 [main] INFO  org.hibernate.jpa.internal.util.LogHelper - HHH000204: Processing PersistenceUnitInfo [name: default]
2026-01-01 12:11:01 [main] INFO  org.hibernate.Version - HHH000412: Hibernate ORM core version 5.6.10.Final
2026-01-01 12:11:01 [main] INFO  org.hibernate.annotations.common.Version - HCANN000001: Hibernate Commons Annotations {5.1.2.Final}
2026-01-01 12:11:01 [main] INFO  org.hibernate.dialect.Dialect - HHH000400: Using dialect: org.hibernate.dialect.H2Dialect
2026-01-01 12:11:02 [main] INFO  org.hibernate.engine.transaction.jta.platform.internal.JtaPlatformInitiator - HHH000490: Using JtaPlatform implementation: [org.hibernate.engine.transaction.jta.platform.internal.NoJtaPlatform]
2026-01-01 12:11:54 [background-preinit] INFO  org.hibernate.validator.internal.util.Version - HV000001: Hibernate Validator 6.2.3.Final
2026-01-01 12:11:56 [main] INFO  org.hibernate.jpa.internal.util.LogHelper - HHH000204: Processing PersistenceUnitInfo [name: default]
2026-01-01 12:11:56 [main] INFO  org.hibernate.Version - HHH000412: Hibernate ORM core version 5.6.10.Final
2026-01-01 12:11:56 [main] INFO  org.hibernate.annotations.common.Version - HCANN000001: Hibernate Commons Annotations {5.1.2.Final}
2026-01-01 12:11:56 [main] INFO  org.hibernate.dialect.Dialect - HHH000400: Using dialect: org.hibernate.dialect.H2Dialect
2026-01-01 12:11:57 [main] INFO  org.hibernate.engine.transaction.jta.platform.internal.JtaPlatformInitiator - HHH000490: Using JtaPlatform implementation: [org.hibernate.engine.transaction.jta.platform.internal.NoJtaPlatform]
2026-01-01 12:13:08 [background-preinit] INFO  org.hibernate.validator.internal.util.Version - HV000001: Hibernate Validator 6.2.3.Final
2026-01-01 12:13:10 [main] INFO  org.hibernate.jpa.internal.util.LogHelper - HHH000204: Processing PersistenceUnitInfo [name: default]
2026-01-01 12:13:10 [main] INFO  org.hibernate.Version - HHH000412: Hibernate ORM core version 5.6.10.Final
2026-01-01 12:13:10 [main] INFO  org.hibernate.annotations.common.Version - HCANN000001: Hibernate Commons Annotations {5.1.2.Final}
2026-01-01 12:13:11 [main] INFO  org.hibernate.dialect.Dialect - HHH000400: Using dialect: org.hibernate.dialect.H2Dialect
2026-01-01 12:13:11 [main] INFO  org.hibernate.engine.transaction.jta.platform.internal.JtaPlatformInitiator - HHH000490: Using JtaPlatform implementation: [org.hibernate.engine.transaction.jta.platform.internal.NoJtaPlatform]
2026-01-01 12:14:34 [background-preinit] INFO  org.hibernate.validator.internal.util.Version - HV000001: Hibernate Validator 6.2.3.Final
2026-01-01 12:14:36 [main] INFO  org.hibernate.jpa.internal.util.LogHelper - HHH000204: Processing PersistenceUnitInfo [name: default]
2026-01-01 12:14:36 [main] INFO  org.hibernate.Version - HHH000412: Hibernate ORM core version 5.6.10.Final
2026-01-01 12:14:36 [main] INFO  org.hibernate.annotations.common.Version - HCANN000001: Hibernate Commons Annotations {5.1.2.Final}
2026-01-01 12:14:36 [main] INFO  org.hibernate.dialect.Dialect - HHH000400: Using dialect: org.hibernate.dialect.H2Dialect
2026-01-01 12:14:37 [main] INFO  org.hibernate.engine.transaction.jta.platform.internal.JtaPlatformInitiator - HHH000490: Using JtaPlatform implementation: [org.hibernate.engine.transaction.jta.platform.internal.NoJtaPlatform]
2026-01-01 12:16:39 [background-preinit] INFO  org.hibernate.validator.internal.util.Version - HV000001: Hibernate Validator 6.2.3.Final
2026-01-01 12:16:41 [main] INFO  org.hibernate.jpa.internal.util.LogHelper - HHH000204: Processing PersistenceUnitInfo [name: default]
2026-01-01 12:16:41 [main] INFO  org.hibernate.Version - HHH000412: Hibernate ORM core version 5.6.10.Final
2026-01-01 12:16:41 [main] INFO  org.hibernate.annotations.common.Version - HCANN000001: Hibernate Commons Annotations {5.1.2.Final}
2026-01-01 12:16:41 [main] INFO  org.hibernate.dialect.Dialect - HHH000400: Using dialect: org.hibernate.dialect.H2Dialect
2026-01-01 12:16:42 [main] INFO  org.hibernate.engine.transaction.jta.platform.internal.JtaPlatformInitiator - HHH000490: Using JtaPlatform implementation: [org.hibernate.engine.transaction.jta.platform.internal.NoJtaPlatform]
2026-01-01 12:22:52 [background-preinit] INFO  org.hibernate.validator.internal.util.Version - HV000001: Hibernate Validator 6.2.3.Final
2026-01-01 12:22:54 [main] INFO  org.hibernate.jpa.internal.util.LogHelper - HHH000204: Processing PersistenceUnitInfo [name: default]
2026-01-01 12:22:54 [main] INFO  org.hibernate.Version - HHH000412: Hibernate ORM core version 5.6.10.Final
2026-01-01 12:22:54 [main] INFO  org.hibernate.annotations.common.Version - HCANN000001: Hibernate Commons Annotations {5.1.2.Final}
2026-01-01 12:22:54 [main] INFO  org.hibernate.dialect.Dialect - HHH000400: Using dialect: org.hibernate.dialect.H2Dialect
2026-01-01 12:22:55 [main] INFO  org.hibernate.engine.transaction.jta.platform.internal.JtaPlatformInitiator - HHH000490: Using JtaPlatform implementation: [org.hibernate.engine.transaction.jta.platform.internal.NoJtaPlatform]
2026-01-01 12:37:05 [background-preinit] INFO  org.hibernate.validator.internal.util.Version - HV000001: Hibernate Validator 6.2.3.Final
2026-01-01 12:37:07 [main] INFO  org.hibernate.jpa.internal.util.LogHelper - HHH000204: Processing PersistenceUnitInfo [name: default]
2026-01-01 12:37:07 [main] INFO  org.hibernate.Version - HHH000412: Hibernate ORM core version 5.6.10.Final
2026-01-01 12:37:08 [main] INFO  org.hibernate.annotations.common.Version - HCANN000001: Hibernate Commons Annotations {5.1.2.Final}
2026-01-01 12:37:08 [main] INFO  org.hibernate.dialect.Dialect - HHH000400: Using dialect: org.hibernate.dialect.H2Dialect
2026-01-01 12:37:08 [main] INFO  org.hibernate.engine.transaction.jta.platform.internal.JtaPlatformInitiator - HHH000490: Using JtaPlatform implementation: [org.hibernate.engine.transaction.jta.platform.internal.NoJtaPlatform]
2026-01-01 12:37:09 [SpringApplicationShutdownHook] INFO  org.hibernate.tool.schema.internal.SchemaDropperImpl$DelayedDropActionImpl - HHH000477: Starting delayed evictData of schema as part of SessionFactory shut-down'
2026-01-01 12:37:17 [background-preinit] INFO  org.hibernate.validator.internal.util.Version - HV000001: Hibernate Validator 6.2.3.Final
2026-01-01 12:37:18 [main] INFO  org.hibernate.jpa.internal.util.LogHelper - HHH000204: Processing PersistenceUnitInfo [name: default]
2026-01-01 12:37:18 [main] INFO  org.hibernate.Version - HHH000412: Hibernate ORM core version 5.6.10.Final
2026-01-01 12:37:18 [main] INFO  org.hibernate.annotations.common.Version - HCANN000001: Hibernate Commons Annotations {5.1.2.Final}
2026-01-01 12:37:19 [main] INFO  org.hibernate.dialect.Dialect - HHH000400: Using dialect: org.hibernate.dialect.H2Dialect
2026-01-01 12:37:19 [main] INFO  org.hibernate.engine.transaction.jta.platform.internal.JtaPlatformInitiator - HHH000490: Using JtaPlatform implementation: [org.hibernate.engine.transaction.jta.platform.internal.NoJtaPlatform]
2026-01-01 12:39:50 [background-preinit] INFO  org.hibernate.validator.internal.util.Version - HV000001: Hibernate Validator 6.2.3.Final
2026-01-01 12:39:52 [main] INFO  org.hibernate.jpa.internal.util.LogHelper - HHH000204: Processing PersistenceUnitInfo [name: default]
2026-01-01 12:39:52 [main] INFO  org.hibernate.Version - HHH000412: Hibernate ORM core version 5.6.10.Final
2026-01-01 12:39:52 [main] INFO  org.hibernate.annotations.common.Version - HCANN000001: Hibernate Commons Annotations {5.1.2.Final}
2026-01-01 12:39:52 [main] INFO  org.hibernate.dialect.Dialect - HHH000400: Using dialect: org.hibernate.dialect.H2Dialect
2026-01-01 12:39:53 [main] INFO  org.hibernate.engine.transaction.jta.platform.internal.JtaPlatformInitiator - HHH000490: Using JtaPlatform implementation: [org.hibernate.engine.transaction.jta.platform.internal.NoJtaPlatform]
2026-01-01 18:59:35 [background-preinit] INFO  org.hibernate.validator.internal.util.Version - HV000001: Hibernate Validator 6.2.3.Final
2026-01-01 18:59:37 [main] INFO  org.hibernate.jpa.internal.util.LogHelper - HHH000204: Processing PersistenceUnitInfo [name: default]
2026-01-01 18:59:37 [main] INFO  org.hibernate.Version - HHH000412: Hibernate ORM core version 5.6.10.Final
2026-01-01 18:59:37 [main] INFO  org.hibernate.annotations.common.Version - HCANN000001: Hibernate Commons Annotations {5.1.2.Final}
2026-01-01 18:59:37 [main] INFO  org.hibernate.dialect.Dialect - HHH000400: Using dialect: org.hibernate.dialect.H2Dialect
2026-01-01 18:59:38 [main] INFO  org.hibernate.engine.transaction.jta.platform.internal.JtaPlatformInitiator - HHH000490: Using JtaPlatform implementation: [org.hibernate.engine.transaction.jta.platform.internal.NoJtaPlatform]
2026-01-01 19:00:56 [background-preinit] INFO  org.hibernate.validator.internal.util.Version - HV000001: Hibernate Validator 6.2.3.Final
2026-01-01 19:00:59 [main] INFO  org.hibernate.jpa.internal.util.LogHelper - HHH000204: Processing PersistenceUnitInfo [name: default]
2026-01-01 19:00:59 [main] INFO  org.hibernate.Version - HHH000412: Hibernate ORM core version 5.6.10.Final
2026-01-01 19:00:59 [main] INFO  org.hibernate.annotations.common.Version - HCANN000001: Hibernate Commons Annotations {5.1.2.Final}
2026-01-01 19:00:59 [main] INFO  org.hibernate.dialect.Dialect - HHH000400: Using dialect: org.hibernate.dialect.H2Dialect
2026-01-01 19:00:59 [main] INFO  org.hibernate.engine.transaction.jta.platform.internal.JtaPlatformInitiator - HHH000490: Using JtaPlatform implementation: [org.hibernate.engine.transaction.jta.platform.internal.NoJtaPlatform]
2026-01-01 19:02:51 [background-preinit] INFO  org.hibernate.validator.internal.util.Version - HV000001: Hibernate Validator 6.2.3.Final
2026-01-01 19:02:53 [main] INFO  org.hibernate.jpa.internal.util.LogHelper - HHH000204: Processing PersistenceUnitInfo [name: default]
2026-01-01 19:02:53 [main] INFO  org.hibernate.Version - HHH000412: Hibernate ORM core version 5.6.10.Final
2026-01-01 19:02:53 [main] INFO  org.hibernate.annotations.common.Version - HCANN000001: Hibernate Commons Annotations {5.1.2.Final}
2026-01-01 19:02:53 [main] INFO  org.hibernate.dialect.Dialect - HHH000400: Using dialect: org.hibernate.dialect.H2Dialect
2026-01-01 19:02:54 [main] INFO  org.hibernate.engine.transaction.jta.platform.internal.JtaPlatformInitiator - HHH000490: Using JtaPlatform implementation: [org.hibernate.engine.transaction.jta.platform.internal.NoJtaPlatform]
2026-01-01 19:44:21 [background-preinit] INFO  org.hibernate.validator.internal.util.Version - HV000001: Hibernate Validator 6.2.3.Final
2026-01-01 19:44:24 [main] INFO  org.hibernate.jpa.internal.util.LogHelper - HHH000204: Processing PersistenceUnitInfo [name: default]
2026-01-01 19:44:24 [main] INFO  org.hibernate.Version - HHH000412: Hibernate ORM core version 5.6.10.Final
2026-01-01 19:44:24 [main] INFO  org.hibernate.annotations.common.Version - HCANN000001: Hibernate Commons Annotations {5.1.2.Final}
2026-01-01 19:44:25 [main] INFO  org.hibernate.dialect.Dialect - HHH000400: Using dialect: org.hibernate.dialect.H2Dialect
2026-01-01 19:44:26 [main] INFO  org.hibernate.engine.transaction.jta.platform.internal.JtaPlatformInitiator - HHH000490: Using JtaPlatform implementation: [org.hibernate.engine.transaction.jta.platform.internal.NoJtaPlatform]
2026-01-01 19:45:29 [background-preinit] INFO  org.hibernate.validator.internal.util.Version - HV000001: Hibernate Validator 6.2.3.Final
2026-01-01 19:45:31 [main] INFO  org.hibernate.jpa.internal.util.LogHelper - HHH000204: Processing PersistenceUnitInfo [name: default]
2026-01-01 19:45:31 [main] INFO  org.hibernate.Version - HHH000412: Hibernate ORM core version 5.6.10.Final
2026-01-01 19:45:31 [main] INFO  org.hibernate.annotations.common.Version - HCANN000001: Hibernate Commons Annotations {5.1.2.Final}
2026-01-01 19:45:31 [main] INFO  org.hibernate.dialect.Dialect - HHH000400: Using dialect: org.hibernate.dialect.H2Dialect
2026-01-01 19:45:31 [main] INFO  org.hibernate.engine.transaction.jta.platform.internal.JtaPlatformInitiator - HHH000490: Using JtaPlatform implementation: [org.hibernate.engine.transaction.jta.platform.internal.NoJtaPlatform]
2026-01-01 19:46:11 [background-preinit] INFO  org.hibernate.validator.internal.util.Version - HV000001: Hibernate Validator 6.2.3.Final
2026-01-01 19:46:13 [main] INFO  org.hibernate.jpa.internal.util.LogHelper - HHH000204: Processing PersistenceUnitInfo [name: default]
2026-01-01 19:46:13 [main] INFO  org.hibernate.Version - HHH000412: Hibernate ORM core version 5.6.10.Final
2026-01-01 19:46:14 [main] INFO  org.hibernate.annotations.common.Version - HCANN000001: Hibernate Commons Annotations {5.1.2.Final}
2026-01-01 19:46:14 [main] INFO  org.hibernate.dialect.Dialect - HHH000400: Using dialect: org.hibernate.dialect.H2Dialect
2026-01-01 19:46:15 [main] INFO  org.hibernate.engine.transaction.jta.platform.internal.JtaPlatformInitiator - HHH000490: Using JtaPlatform implementation: [org.hibernate.engine.transaction.jta.platform.internal.NoJtaPlatform]
2026-01-01 19:47:51 [background-preinit] INFO  org.hibernate.validator.internal.util.Version - HV000001: Hibernate Validator 6.2.3.Final
2026-01-01 19:47:53 [main] INFO  org.hibernate.jpa.internal.util.LogHelper - HHH000204: Processing PersistenceUnitInfo [name: default]
2026-01-01 19:47:53 [main] INFO  org.hibernate.Version - HHH000412: Hibernate ORM core version 5.6.10.Final
2026-01-01 19:47:53 [main] INFO  org.hibernate.annotations.common.Version - HCANN000001: Hibernate Commons Annotations {5.1.2.Final}
2026-01-01 19:47:53 [main] INFO  org.hibernate.dialect.Dialect - HHH000400: Using dialect: org.hibernate.dialect.H2Dialect
2026-01-01 19:47:54 [main] INFO  org.hibernate.engine.transaction.jta.platform.internal.JtaPlatformInitiator - HHH000490: Using JtaPlatform implementation: [org.hibernate.engine.transaction.jta.platform.internal.NoJtaPlatform]
2026-01-01 19:48:43 [background-preinit] INFO  org.hibernate.validator.internal.util.Version - HV000001: Hibernate Validator 6.2.3.Final
2026-01-01 19:48:45 [main] INFO  org.hibernate.jpa.internal.util.LogHelper - HHH000204: Processing PersistenceUnitInfo [name: default]
2026-01-01 19:48:45 [main] INFO  org.hibernate.Version - HHH000412: Hibernate ORM core version 5.6.10.Final
2026-01-01 19:48:45 [main] INFO  org.hibernate.annotations.common.Version - HCANN000001: Hibernate Commons Annotations {5.1.2.Final}
2026-01-01 19:48:45 [main] INFO  org.hibernate.dialect.Dialect - HHH000400: Using dialect: org.hibernate.dialect.H2Dialect
2026-01-01 19:48:46 [main] INFO  org.hibernate.engine.transaction.jta.platform.internal.JtaPlatformInitiator - HHH000490: Using JtaPlatform implementation: [org.hibernate.engine.transaction.jta.platform.internal.NoJtaPlatform]
2026-01-01 19:49:21 [background-preinit] INFO  org.hibernate.validator.internal.util.Version - HV000001: Hibernate Validator 6.2.3.Final
2026-01-01 19:49:24 [main] INFO  org.hibernate.jpa.internal.util.LogHelper - HHH000204: Processing PersistenceUnitInfo [name: default]
2026-01-01 19:49:24 [main] INFO  org.hibernate.Version - HHH000412: Hibernate ORM core version 5.6.10.Final
2026-01-01 19:49:24 [main] INFO  org.hibernate.annotations.common.Version - HCANN000001: Hibernate Commons Annotations {5.1.2.Final}
2026-01-01 19:49:24 [main] INFO  org.hibernate.dialect.Dialect - HHH000400: Using dialect: org.hibernate.dialect.H2Dialect
2026-01-01 19:49:24 [main] INFO  org.hibernate.engine.transaction.jta.platform.internal.JtaPlatformInitiator - HHH000490: Using JtaPlatform implementation: [org.hibernate.engine.transaction.jta.platform.internal.NoJtaPlatform]
2026-01-01 19:53:56 [background-preinit] INFO  org.hibernate.validator.internal.util.Version - HV000001: Hibernate Validator 6.2.3.Final
2026-01-01 19:53:58 [main] INFO  org.hibernate.jpa.internal.util.LogHelper - HHH000204: Processing PersistenceUnitInfo [name: default]
2026-01-01 19:53:58 [main] INFO  org.hibernate.Version - HHH000412: Hibernate ORM core version 5.6.10.Final
2026-01-01 19:53:58 [main] INFO  org.hibernate.annotations.common.Version - HCANN000001: Hibernate Commons Annotations {5.1.2.Final}
2026-01-01 19:53:58 [main] INFO  org.hibernate.dialect.Dialect - HHH000400: Using dialect: org.hibernate.dialect.H2Dialect
2026-01-01 19:53:58 [main] INFO  org.hibernate.engine.transaction.jta.platform.internal.JtaPlatformInitiator - HHH000490: Using JtaPlatform implementation: [org.hibernate.engine.transaction.jta.platform.internal.NoJtaPlatform]
2026-01-01 19:54:53 [background-preinit] INFO  org.hibernate.validator.internal.util.Version - HV000001: Hibernate Validator 6.2.3.Final
2026-01-01 19:54:55 [main] INFO  org.hibernate.jpa.internal.util.LogHelper - HHH000204: Processing PersistenceUnitInfo [name: default]
2026-01-01 19:54:55 [main] INFO  org.hibernate.Version - HHH000412: Hibernate ORM core version 5.6.10.Final
2026-01-01 19:54:55 [main] INFO  org.hibernate.annotations.common.Version - HCANN000001: Hibernate Commons Annotations {5.1.2.Final}
2026-01-01 19:54:55 [main] INFO  org.hibernate.dialect.Dialect - HHH000400: Using dialect: org.hibernate.dialect.H2Dialect
2026-01-01 19:54:56 [main] INFO  org.hibernate.engine.transaction.jta.platform.internal.JtaPlatformInitiator - HHH000490: Using JtaPlatform implementation: [org.hibernate.engine.transaction.jta.platform.internal.NoJtaPlatform]
2026-01-01 19:55:08 [background-preinit] INFO  org.hibernate.validator.internal.util.Version - HV000001: Hibernate Validator 6.2.3.Final
2026-01-01 19:55:09 [main] INFO  org.hibernate.jpa.internal.util.LogHelper - HHH000204: Processing PersistenceUnitInfo [name: default]
2026-01-01 19:55:09 [main] INFO  org.hibernate.Version - HHH000412: Hibernate ORM core version 5.6.10.Final
2026-01-01 19:55:10 [main] INFO  org.hibernate.annotations.common.Version - HCANN000001: Hibernate Commons Annotations {5.1.2.Final}
2026-01-01 19:55:10 [main] INFO  org.hibernate.dialect.Dialect - HHH000400: Using dialect: org.hibernate.dialect.H2Dialect
2026-01-01 19:55:10 [main] INFO  org.hibernate.engine.transaction.jta.platform.internal.JtaPlatformInitiator - HHH000490: Using JtaPlatform implementation: [org.hibernate.engine.transaction.jta.platform.internal.NoJtaPlatform]
2026-01-01 19:57:03 [background-preinit] INFO  org.hibernate.validator.internal.util.Version - HV000001: Hibernate Validator 6.2.3.Final
2026-01-01 19:57:05 [main] INFO  org.hibernate.jpa.internal.util.LogHelper - HHH000204: Processing PersistenceUnitInfo [name: default]
2026-01-01 19:57:05 [main] INFO  org.hibernate.Version - HHH000412: Hibernate ORM core version 5.6.10.Final
2026-01-01 19:57:05 [main] INFO  org.hibernate.annotations.common.Version - HCANN000001: Hibernate Commons Annotations {5.1.2.Final}
2026-01-01 19:57:05 [main] INFO  org.hibernate.dialect.Dialect - HHH000400: Using dialect: org.hibernate.dialect.H2Dialect
2026-01-01 19:57:06 [main] INFO  org.hibernate.engine.transaction.jta.platform.internal.JtaPlatformInitiator - HHH000490: Using JtaPlatform implementation: [org.hibernate.engine.transaction.jta.platform.internal.NoJtaPlatform]
2026-01-01 19:58:53 [background-preinit] INFO  org.hibernate.validator.internal.util.Version - HV000001: Hibernate Validator 6.2.3.Final
2026-01-01 19:58:54 [main] INFO  org.hibernate.jpa.internal.util.LogHelper - HHH000204: Processing PersistenceUnitInfo [name: default]
2026-01-01 19:58:54 [main] INFO  org.hibernate.Version - HHH000412: Hibernate ORM core version 5.6.10.Final
2026-01-01 19:58:55 [main] INFO  org.hibernate.annotations.common.Version - HCANN000001: Hibernate Commons Annotations {5.1.2.Final}
2026-01-01 19:58:55 [main] INFO  org.hibernate.dialect.Dialect - HHH000400: Using dialect: org.hibernate.dialect.H2Dialect
2026-01-01 19:58:55 [main] INFO  org.hibernate.engine.transaction.jta.platform.internal.JtaPlatformInitiator - HHH000490: Using JtaPlatform implementation: [org.hibernate.engine.transaction.jta.platform.internal.NoJtaPlatform]
2026-01-01 19:59:34 [background-preinit] INFO  org.hibernate.validator.internal.util.Version - HV000001: Hibernate Validator 6.2.3.Final
2026-01-01 19:59:36 [main] INFO  org.hibernate.jpa.internal.util.LogHelper - HHH000204: Processing PersistenceUnitInfo [name: default]
2026-01-01 19:59:36 [main] INFO  org.hibernate.Version - HHH000412: Hibernate ORM core version 5.6.10.Final
2026-01-01 19:59:36 [main] INFO  org.hibernate.annotations.common.Version - HCANN000001: Hibernate Commons Annotations {5.1.2.Final}
2026-01-01 19:59:36 [main] INFO  org.hibernate.dialect.Dialect - HHH000400: Using dialect: org.hibernate.dialect.H2Dialect
2026-01-01 19:59:37 [main] INFO  org.hibernate.engine.transaction.jta.platform.internal.JtaPlatformInitiator - HHH000490: Using JtaPlatform implementation: [org.hibernate.engine.transaction.jta.platform.internal.NoJtaPlatform]
2026-01-01 19:59:57 [background-preinit] INFO  org.hibernate.validator.internal.util.Version - HV000001: Hibernate Validator 6.2.3.Final
2026-01-01 19:59:59 [main] INFO  org.hibernate.jpa.internal.util.LogHelper - HHH000204: Processing PersistenceUnitInfo [name: default]
2026-01-01 19:59:59 [main] INFO  org.hibernate.Version - HHH000412: Hibernate ORM core version 5.6.10.Final
2026-01-01 19:59:59 [main] INFO  org.hibernate.annotations.common.Version - HCANN000001: Hibernate Commons Annotations {5.1.2.Final}
2026-01-01 20:00:00 [main] INFO  org.hibernate.dialect.Dialect - HHH000400: Using dialect: org.hibernate.dialect.H2Dialect
2026-01-01 20:00:00 [main] INFO  org.hibernate.engine.transaction.jta.platform.internal.JtaPlatformInitiator - HHH000490: Using JtaPlatform implementation: [org.hibernate.engine.transaction.jta.platform.internal.NoJtaPlatform]
2026-01-01 20:00:17 [background-preinit] INFO  org.hibernate.validator.internal.util.Version - HV000001: Hibernate Validator 6.2.3.Final
2026-01-01 20:00:19 [main] INFO  org.hibernate.jpa.internal.util.LogHelper - HHH000204: Processing PersistenceUnitInfo [name: default]
2026-01-01 20:00:19 [main] INFO  org.hibernate.Version - HHH000412: Hibernate ORM core version 5.6.10.Final
2026-01-01 20:00:19 [main] INFO  org.hibernate.annotations.common.Version - HCANN000001: Hibernate Commons Annotations {5.1.2.Final}
2026-01-01 20:00:19 [main] INFO  org.hibernate.dialect.Dialect - HHH000400: Using dialect: org.hibernate.dialect.H2Dialect
2026-01-01 20:00:20 [main] INFO  org.hibernate.engine.transaction.jta.platform.internal.JtaPlatformInitiator - HHH000490: Using JtaPlatform implementation: [org.hibernate.engine.transaction.jta.platform.internal.NoJtaPlatform]
2026-01-01 20:01:16 [background-preinit] INFO  org.hibernate.validator.internal.util.Version - HV000001: Hibernate Validator 6.2.3.Final
2026-01-01 20:01:18 [main] INFO  org.hibernate.jpa.internal.util.LogHelper - HHH000204: Processing PersistenceUnitInfo [name: default]
2026-01-01 20:01:18 [main] INFO  org.hibernate.Version - HHH000412: Hibernate ORM core version 5.6.10.Final
2026-01-01 20:01:19 [main] INFO  org.hibernate.annotations.common.Version - HCANN000001: Hibernate Commons Annotations {5.1.2.Final}
2026-01-01 20:01:19 [main] INFO  org.hibernate.dialect.Dialect - HHH000400: Using dialect: org.hibernate.dialect.H2Dialect
2026-01-01 20:01:19 [main] INFO  org.hibernate.engine.transaction.jta.platform.internal.JtaPlatformInitiator - HHH000490: Using JtaPlatform implementation: [org.hibernate.engine.transaction.jta.platform.internal.NoJtaPlatform]
2026-01-01 20:01:35 [background-preinit] INFO  org.hibernate.validator.internal.util.Version - HV000001: Hibernate Validator 6.2.3.Final
2026-01-01 20:01:37 [main] INFO  org.hibernate.jpa.internal.util.LogHelper - HHH000204: Processing PersistenceUnitInfo [name: default]
2026-01-01 20:01:38 [main] INFO  org.hibernate.Version - HHH000412: Hibernate ORM core version 5.6.10.Final
2026-01-01 20:01:38 [main] INFO  org.hibernate.annotations.common.Version - HCANN000001: Hibernate Commons Annotations {5.1.2.Final}
2026-01-01 20:01:38 [main] INFO  org.hibernate.dialect.Dialect - HHH000400: Using dialect: org.hibernate.dialect.H2Dialect
2026-01-01 20:01:39 [main] INFO  org.hibernate.engine.transaction.jta.platform.internal.JtaPlatformInitiator - HHH000490: Using JtaPlatform implementation: [org.hibernate.engine.transaction.jta.platform.internal.NoJtaPlatform]
2026-01-01 20:02:48 [background-preinit] INFO  org.hibernate.validator.internal.util.Version - HV000001: Hibernate Validator 6.2.3.Final
2026-01-01 20:02:50 [main] INFO  org.hibernate.jpa.internal.util.LogHelper - HHH000204: Processing PersistenceUnitInfo [name: default]
2026-01-01 20:02:51 [main] INFO  org.hibernate.Version - HHH000412: Hibernate ORM core version 5.6.10.Final
2026-01-01 20:02:51 [main] INFO  org.hibernate.annotations.common.Version - HCANN000001: Hibernate Commons Annotations {5.1.2.Final}
2026-01-01 20:02:51 [main] INFO  org.hibernate.dialect.Dialect - HHH000400: Using dialect: org.hibernate.dialect.H2Dialect
2026-01-01 20:02:52 [main] INFO  org.hibernate.engine.transaction.jta.platform.internal.JtaPlatformInitiator - HHH000490: Using JtaPlatform implementation: [org.hibernate.engine.transaction.jta.platform.internal.NoJtaPlatform]
2026-01-01 20:04:34 [background-preinit] INFO  org.hibernate.validator.internal.util.Version - HV000001: Hibernate Validator 6.2.3.Final
2026-01-01 20:04:36 [main] INFO  org.hibernate.jpa.internal.util.LogHelper - HHH000204: Processing PersistenceUnitInfo [name: default]
2026-01-01 20:04:36 [main] INFO  org.hibernate.Version - HHH000412: Hibernate ORM core version 5.6.10.Final
2026-01-01 20:04:36 [main] INFO  org.hibernate.annotations.common.Version - HCANN000001: Hibernate Commons Annotations {5.1.2.Final}
2026-01-01 20:04:36 [main] INFO  org.hibernate.dialect.Dialect - HHH000400: Using dialect: org.hibernate.dialect.H2Dialect
2026-01-01 20:04:37 [main] INFO  org.hibernate.engine.transaction.jta.platform.internal.JtaPlatformInitiator - HHH000490: Using JtaPlatform implementation: [org.hibernate.engine.transaction.jta.platform.internal.NoJtaPlatform]
2026-01-01 20:04:38 [main] INFO  org.hibernate.tool.schema.internal.SchemaDropperImpl$DelayedDropActionImpl - HHH000477: Starting delayed evictData of schema as part of SessionFactory shut-down'
2026-01-01 20:04:50 [background-preinit] INFO  org.hibernate.validator.internal.util.Version - HV000001: Hibernate Validator 6.2.3.Final
2026-01-01 20:04:53 [main] INFO  org.hibernate.jpa.internal.util.LogHelper - HHH000204: Processing PersistenceUnitInfo [name: default]
2026-01-01 20:04:53 [main] INFO  org.hibernate.Version - HHH000412: Hibernate ORM core version 5.6.10.Final
2026-01-01 20:04:53 [main] INFO  org.hibernate.annotations.common.Version - HCANN000001: Hibernate Commons Annotations {5.1.2.Final}
2026-01-01 20:04:53 [main] INFO  org.hibernate.dialect.Dialect - HHH000400: Using dialect: org.hibernate.dialect.H2Dialect
2026-01-01 20:04:54 [main] INFO  org.hibernate.engine.transaction.jta.platform.internal.JtaPlatformInitiator - HHH000490: Using JtaPlatform implementation: [org.hibernate.engine.transaction.jta.platform.internal.NoJtaPlatform]
2026-01-01 20:05:31 [background-preinit] INFO  org.hibernate.validator.internal.util.Version - HV000001: Hibernate Validator 6.2.3.Final
2026-01-01 20:05:33 [main] INFO  org.hibernate.jpa.internal.util.LogHelper - HHH000204: Processing PersistenceUnitInfo [name: default]
2026-01-01 20:05:34 [main] INFO  org.hibernate.Version - HHH000412: Hibernate ORM core version 5.6.10.Final
2026-01-01 20:05:34 [main] INFO  org.hibernate.annotations.common.Version - HCANN000001: Hibernate Commons Annotations {5.1.2.Final}
2026-01-01 20:05:34 [main] INFO  org.hibernate.dialect.Dialect - HHH000400: Using dialect: org.hibernate.dialect.H2Dialect
2026-01-01 20:05:35 [main] INFO  org.hibernate.engine.transaction.jta.platform.internal.JtaPlatformInitiator - HHH000490: Using JtaPlatform implementation: [org.hibernate.engine.transaction.jta.platform.internal.NoJtaPlatform]
2026-01-01 20:26:12 [background-preinit] INFO  org.hibernate.validator.internal.util.Version - HV000001: Hibernate Validator 6.2.3.Final
2026-01-01 20:26:14 [main] INFO  org.hibernate.jpa.internal.util.LogHelper - HHH000204: Processing PersistenceUnitInfo [name: default]
2026-01-01 20:26:14 [main] INFO  org.hibernate.Version - HHH000412: Hibernate ORM core version 5.6.10.Final
2026-01-01 20:26:14 [main] INFO  org.hibernate.annotations.common.Version - HCANN000001: Hibernate Commons Annotations {5.1.2.Final}
2026-01-01 20:26:14 [main] INFO  org.hibernate.dialect.Dialect - HHH000400: Using dialect: org.hibernate.dialect.H2Dialect
2026-01-01 20:26:15 [main] INFO  org.hibernate.engine.transaction.jta.platform.internal.JtaPlatformInitiator - HHH000490: Using JtaPlatform implementation: [org.hibernate.engine.transaction.jta.platform.internal.NoJtaPlatform]
2026-01-01 20:27:22 [background-preinit] INFO  org.hibernate.validator.internal.util.Version - HV000001: Hibernate Validator 6.2.3.Final
2026-01-01 20:27:24 [main] INFO  org.hibernate.jpa.internal.util.LogHelper - HHH000204: Processing PersistenceUnitInfo [name: default]
2026-01-01 20:27:24 [main] INFO  org.hibernate.Version - HHH000412: Hibernate ORM core version 5.6.10.Final
2026-01-01 20:27:24 [main] INFO  org.hibernate.annotations.common.Version - HCANN000001: Hibernate Commons Annotations {5.1.2.Final}
2026-01-01 20:27:24 [main] INFO  org.hibernate.dialect.Dialect - HHH000400: Using dialect: org.hibernate.dialect.H2Dialect
2026-01-01 20:27:25 [main] INFO  org.hibernate.engine.transaction.jta.platform.internal.JtaPlatformInitiator - HHH000490: Using JtaPlatform implementation: [org.hibernate.engine.transaction.jta.platform.internal.NoJtaPlatform]
2026-01-01 20:29:53 [background-preinit] INFO  org.hibernate.validator.internal.util.Version - HV000001: Hibernate Validator 6.2.3.Final
2026-01-01 20:29:55 [main] INFO  org.hibernate.jpa.internal.util.LogHelper - HHH000204: Processing PersistenceUnitInfo [name: default]
2026-01-01 20:29:55 [main] INFO  org.hibernate.Version - HHH000412: Hibernate ORM core version 5.6.10.Final
2026-01-01 20:29:55 [main] INFO  org.hibernate.annotations.common.Version - HCANN000001: Hibernate Commons Annotations {5.1.2.Final}
2026-01-01 20:29:55 [main] INFO  org.hibernate.dialect.Dialect - HHH000400: Using dialect: org.hibernate.dialect.H2Dialect
2026-01-01 20:29:56 [main] INFO  org.hibernate.engine.transaction.jta.platform.internal.JtaPlatformInitiator - HHH000490: Using JtaPlatform implementation: [org.hibernate.engine.transaction.jta.platform.internal.NoJtaPlatform]
2026-01-01 20:35:28 [background-preinit] INFO  org.hibernate.validator.internal.util.Version - HV000001: Hibernate Validator 6.2.3.Final
2026-01-01 20:35:30 [main] INFO  org.hibernate.jpa.internal.util.LogHelper - HHH000204: Processing PersistenceUnitInfo [name: default]
2026-01-01 20:35:30 [main] INFO  org.hibernate.Version - HHH000412: Hibernate ORM core version 5.6.10.Final
2026-01-01 20:35:30 [main] INFO  org.hibernate.annotations.common.Version - HCANN000001: Hibernate Commons Annotations {5.1.2.Final}
2026-01-01 20:35:30 [main] INFO  org.hibernate.dialect.Dialect - HHH000400: Using dialect: org.hibernate.dialect.H2Dialect
2026-01-01 20:35:31 [main] INFO  org.hibernate.engine.transaction.jta.platform.internal.JtaPlatformInitiator - HHH000490: Using JtaPlatform implementation: [org.hibernate.engine.transaction.jta.platform.internal.NoJtaPlatform]
2026-01-01 20:35:59 [background-preinit] INFO  org.hibernate.validator.internal.util.Version - HV000001: Hibernate Validator 6.2.3.Final
2026-01-01 20:36:01 [main] INFO  org.hibernate.jpa.internal.util.LogHelper - HHH000204: Processing PersistenceUnitInfo [name: default]
2026-01-01 20:36:01 [main] INFO  org.hibernate.Version - HHH000412: Hibernate ORM core version 5.6.10.Final
2026-01-01 20:36:01 [main] INFO  org.hibernate.annotations.common.Version - HCANN000001: Hibernate Commons Annotations {5.1.2.Final}
2026-01-01 20:36:01 [main] INFO  org.hibernate.dialect.Dialect - HHH000400: Using dialect: org.hibernate.dialect.H2Dialect
2026-01-01 20:36:02 [main] INFO  org.hibernate.engine.transaction.jta.platform.internal.JtaPlatformInitiator - HHH000490: Using JtaPlatform implementation: [org.hibernate.engine.transaction.jta.platform.internal.NoJtaPlatform]
2026-01-01 20:36:09 [background-preinit] INFO  org.hibernate.validator.internal.util.Version - HV000001: Hibernate Validator 6.2.3.Final
2026-01-01 20:36:11 [main] INFO  org.hibernate.jpa.internal.util.LogHelper - HHH000204: Processing PersistenceUnitInfo [name: default]
2026-01-01 20:36:11 [main] INFO  org.hibernate.Version - HHH000412: Hibernate ORM core version 5.6.10.Final
2026-01-01 20:36:12 [main] INFO  org.hibernate.annotations.common.Version - HCANN000001: Hibernate Commons Annotations {5.1.2.Final}
2026-01-01 20:36:12 [main] INFO  org.hibernate.dialect.Dialect - HHH000400: Using dialect: org.hibernate.dialect.H2Dialect
2026-01-01 20:36:12 [main] INFO  org.hibernate.engine.transaction.jta.platform.internal.JtaPlatformInitiator - HHH000490: Using JtaPlatform implementation: [org.hibernate.engine.transaction.jta.platform.internal.NoJtaPlatform]
2026-01-01 20:36:40 [background-preinit] INFO  org.hibernate.validator.internal.util.Version - HV000001: Hibernate Validator 6.2.3.Final
2026-01-01 20:36:42 [main] INFO  org.hibernate.jpa.internal.util.LogHelper - HHH000204: Processing PersistenceUnitInfo [name: default]
2026-01-01 20:36:43 [main] INFO  org.hibernate.Version - HHH000412: Hibernate ORM core version 5.6.10.Final
2026-01-01 20:36:43 [main] INFO  org.hibernate.annotations.common.Version - HCANN000001: Hibernate Commons Annotations {5.1.2.Final}
2026-01-01 20:36:43 [main] INFO  org.hibernate.dialect.Dialect - HHH000400: Using dialect: org.hibernate.dialect.H2Dialect
2026-01-01 20:36:44 [main] INFO  org.hibernate.engine.transaction.jta.platform.internal.JtaPlatformInitiator - HHH000490: Using JtaPlatform implementation: [org.hibernate.engine.transaction.jta.platform.internal.NoJtaPlatform]
2026-01-01 20:37:06 [background-preinit] INFO  org.hibernate.validator.internal.util.Version - HV000001: Hibernate Validator 6.2.3.Final
2026-01-01 20:37:08 [main] INFO  org.hibernate.jpa.internal.util.LogHelper - HHH000204: Processing PersistenceUnitInfo [name: default]
2026-01-01 20:37:08 [main] INFO  org.hibernate.Version - HHH000412: Hibernate ORM core version 5.6.10.Final
2026-01-01 20:37:08 [main] INFO  org.hibernate.annotations.common.Version - HCANN000001: Hibernate Commons Annotations {5.1.2.Final}
2026-01-01 20:37:08 [main] INFO  org.hibernate.dialect.Dialect - HHH000400: Using dialect: org.hibernate.dialect.H2Dialect
2026-01-01 20:37:09 [main] INFO  org.hibernate.engine.transaction.jta.platform.internal.JtaPlatformInitiator - HHH000490: Using JtaPlatform implementation: [org.hibernate.engine.transaction.jta.platform.internal.NoJtaPlatform]
2026-01-01 20:45:00 [background-preinit] INFO  org.hibernate.validator.internal.util.Version - HV000001: Hibernate Validator 6.2.3.Final
2026-01-01 20:45:02 [main] INFO  org.hibernate.jpa.internal.util.LogHelper - HHH000204: Processing PersistenceUnitInfo [name: default]
2026-01-01 20:45:03 [main] INFO  org.hibernate.Version - HHH000412: Hibernate ORM core version 5.6.10.Final
2026-01-01 20:45:03 [main] INFO  org.hibernate.annotations.common.Version - HCANN000001: Hibernate Commons Annotations {5.1.2.Final}
2026-01-01 20:45:03 [main] INFO  org.hibernate.dialect.Dialect - HHH000400: Using dialect: org.hibernate.dialect.H2Dialect
2026-01-01 20:45:04 [main] INFO  org.hibernate.engine.transaction.jta.platform.internal.JtaPlatformInitiator - HHH000490: Using JtaPlatform implementation: [org.hibernate.engine.transaction.jta.platform.internal.NoJtaPlatform]
2026-01-01 20:47:53 [background-preinit] INFO  org.hibernate.validator.internal.util.Version - HV000001: Hibernate Validator 6.2.3.Final
2026-01-01 20:47:55 [main] INFO  org.hibernate.jpa.internal.util.LogHelper - HHH000204: Processing PersistenceUnitInfo [name: default]
2026-01-01 20:47:55 [main] INFO  org.hibernate.Version - HHH000412: Hibernate ORM core version 5.6.10.Final
2026-01-01 20:47:56 [main] INFO  org.hibernate.annotations.common.Version - HCANN000001: Hibernate Commons Annotations {5.1.2.Final}
2026-01-01 20:47:56 [main] INFO  org.hibernate.dialect.Dialect - HHH000400: Using dialect: org.hibernate.dialect.H2Dialect
2026-01-01 20:47:56 [main] INFO  org.hibernate.engine.transaction.jta.platform.internal.JtaPlatformInitiator - HHH000490: Using JtaPlatform implementation: [org.hibernate.engine.transaction.jta.platform.internal.NoJtaPlatform]
2026-01-01 20:48:25 [background-preinit] INFO  org.hibernate.validator.internal.util.Version - HV000001: Hibernate Validator 6.2.3.Final
2026-01-01 20:48:27 [main] INFO  org.hibernate.jpa.internal.util.LogHelper - HHH000204: Processing PersistenceUnitInfo [name: default]
2026-01-01 20:48:27 [main] INFO  org.hibernate.Version - HHH000412: Hibernate ORM core version 5.6.10.Final
2026-01-01 20:48:27 [main] INFO  org.hibernate.annotations.common.Version - HCANN000001: Hibernate Commons Annotations {5.1.2.Final}
2026-01-01 20:48:27 [main] INFO  org.hibernate.dialect.Dialect - HHH000400: Using dialect: org.hibernate.dialect.H2Dialect
2026-01-01 20:48:28 [main] INFO  org.hibernate.engine.transaction.jta.platform.internal.JtaPlatformInitiator - HHH000490: Using JtaPlatform implementation: [org.hibernate.engine.transaction.jta.platform.internal.NoJtaPlatform]
2026-01-01 20:52:09 [background-preinit] INFO  org.hibernate.validator.internal.util.Version - HV000001: Hibernate Validator 6.2.3.Final
2026-01-01 20:52:12 [main] INFO  org.hibernate.jpa.internal.util.LogHelper - HHH000204: Processing PersistenceUnitInfo [name: default]
2026-01-01 20:52:12 [main] INFO  org.hibernate.Version - HHH000412: Hibernate ORM core version 5.6.10.Final
2026-01-01 20:52:12 [main] INFO  org.hibernate.annotations.common.Version - HCANN000001: Hibernate Commons Annotations {5.1.2.Final}
2026-01-01 20:52:12 [main] INFO  org.hibernate.dialect.Dialect - HHH000400: Using dialect: org.hibernate.dialect.H2Dialect
2026-01-01 20:52:13 [main] INFO  org.hibernate.engine.transaction.jta.platform.internal.JtaPlatformInitiator - HHH000490: Using JtaPlatform implementation: [org.hibernate.engine.transaction.jta.platform.internal.NoJtaPlatform]
2026-01-01 21:41:04 [background-preinit] INFO  org.hibernate.validator.internal.util.Version - HV000001: Hibernate Validator 6.2.3.Final
2026-01-01 21:41:06 [main] INFO  org.hibernate.jpa.internal.util.LogHelper - HHH000204: Processing PersistenceUnitInfo [name: default]
2026-01-01 21:41:06 [main] INFO  org.hibernate.Version - HHH000412: Hibernate ORM core version 5.6.10.Final
2026-01-01 21:41:07 [main] INFO  org.hibernate.annotations.common.Version - HCANN000001: Hibernate Commons Annotations {5.1.2.Final}
2026-01-01 21:41:07 [main] INFO  org.hibernate.dialect.Dialect - HHH000400: Using dialect: org.hibernate.dialect.H2Dialect
2026-01-01 21:41:08 [main] INFO  org.hibernate.engine.transaction.jta.platform.internal.JtaPlatformInitiator - HHH000490: Using JtaPlatform implementation: [org.hibernate.engine.transaction.jta.platform.internal.NoJtaPlatform]
2026-01-01 21:41:53 [background-preinit] INFO  org.hibernate.validator.internal.util.Version - HV000001: Hibernate Validator 6.2.3.Final
2026-01-01 21:41:55 [main] INFO  org.hibernate.jpa.internal.util.LogHelper - HHH000204: Processing PersistenceUnitInfo [name: default]
2026-01-01 21:41:55 [main] INFO  org.hibernate.Version - HHH000412: Hibernate ORM core version 5.6.10.Final
2026-01-01 21:41:55 [main] INFO  org.hibernate.annotations.common.Version - HCANN000001: Hibernate Commons Annotations {5.1.2.Final}
2026-01-01 21:41:55 [main] INFO  org.hibernate.dialect.Dialect - HHH000400: Using dialect: org.hibernate.dialect.H2Dialect
2026-01-01 21:41:55 [main] INFO  org.hibernate.engine.transaction.jta.platform.internal.JtaPlatformInitiator - HHH000490: Using JtaPlatform implementation: [org.hibernate.engine.transaction.jta.platform.internal.NoJtaPlatform]
2026-01-01 21:42:28 [background-preinit] INFO  org.hibernate.validator.internal.util.Version - HV000001: Hibernate Validator 6.2.3.Final
2026-01-01 21:42:29 [main] INFO  org.hibernate.jpa.internal.util.LogHelper - HHH000204: Processing PersistenceUnitInfo [name: default]
2026-01-01 21:42:29 [main] INFO  org.hibernate.Version - HHH000412: Hibernate ORM core version 5.6.10.Final
2026-01-01 21:42:29 [main] INFO  org.hibernate.annotations.common.Version - HCANN000001: Hibernate Commons Annotations {5.1.2.Final}
2026-01-01 21:42:30 [main] INFO  org.hibernate.dialect.Dialect - HHH000400: Using dialect: org.hibernate.dialect.H2Dialect
2026-01-01 21:42:30 [main] INFO  org.hibernate.engine.transaction.jta.platform.internal.JtaPlatformInitiator - HHH000490: Using JtaPlatform implementation: [org.hibernate.engine.transaction.jta.platform.internal.NoJtaPlatform]
2026-01-01 21:42:55 [background-preinit] INFO  org.hibernate.validator.internal.util.Version - HV000001: Hibernate Validator 6.2.3.Final
2026-01-01 21:42:56 [main] INFO  org.hibernate.jpa.internal.util.LogHelper - HHH000204: Processing PersistenceUnitInfo [name: default]
2026-01-01 21:42:56 [main] INFO  org.hibernate.Version - HHH000412: Hibernate ORM core version 5.6.10.Final
2026-01-01 21:42:56 [main] INFO  org.hibernate.annotations.common.Version - HCANN000001: Hibernate Commons Annotations {5.1.2.Final}
2026-01-01 21:42:56 [main] INFO  org.hibernate.dialect.Dialect - HHH000400: Using dialect: org.hibernate.dialect.H2Dialect
2026-01-01 21:42:57 [main] INFO  org.hibernate.engine.transaction.jta.platform.internal.JtaPlatformInitiator - HHH000490: Using JtaPlatform implementation: [org.hibernate.engine.transaction.jta.platform.internal.NoJtaPlatform]
