2025-12-07 14:02:24 [pool-1-thread-7] INFO  org.example.LoginServiceUsingSemaphore - lesgo?
2025-12-07 14:02:24 [pool-1-thread-4] INFO  org.example.LoginServiceUsingSemaphore - lesgo?
2025-12-07 14:02:24 [pool-1-thread-8] INFO  org.example.LoginServiceUsingSemaphore - lesgo?
2025-12-07 14:02:24 [pool-1-thread-10] INFO  org.example.LoginServiceUsingSemaphore - lesgo?
2025-12-07 14:02:24 [pool-1-thread-3] INFO  org.example.LoginServiceUsingSemaphore - lesgo?
2025-12-07 14:02:24 [pool-1-thread-6] INFO  org.example.LoginServiceUsingSemaphore - lesgo?
2025-12-07 14:02:24 [pool-1-thread-5] INFO  org.example.LoginServiceUsingSemaphore - lesgo?
2025-12-07 14:02:24 [pool-1-thread-1] INFO  org.example.LoginServiceUsingSemaphore - lesgo?
2025-12-07 14:02:24 [pool-1-thread-2] INFO  org.example.LoginServiceUsingSemaphore - lesgo?
2025-12-07 14:02:24 [pool-1-thread-9] INFO  org.example.LoginServiceUsingSemaphore - lesgo?
2025-12-07 14:02:24 [main] INFO  org.example.LoginServiceUsingSemaphore - lesgo?
2025-12-07 14:02:24 [main] INFO  org.example.LoginServiceUsingSemaphore - lesgo?
2025-12-07 14:08:10 [pool-1-thread-1] INFO  org.example.LoginServiceUsingSemaphore - lesgo?
2025-12-07 14:08:10 [pool-1-thread-4] INFO  org.example.LoginServiceUsingSemaphore - lesgo?
2025-12-07 14:08:10 [pool-1-thread-3] INFO  org.example.LoginServiceUsingSemaphore - lesgo?
2025-12-07 14:08:10 [pool-1-thread-10] INFO  org.example.LoginServiceUsingSemaphore - lesgo?
2025-12-07 14:08:10 [pool-1-thread-5] INFO  org.example.LoginServiceUsingSemaphore - lesgo?
2025-12-07 14:08:10 [pool-1-thread-2] INFO  org.example.LoginServiceUsingSemaphore - lesgo?
2025-12-07 14:08:10 [pool-1-thread-8] INFO  org.example.LoginServiceUsingSemaphore - lesgo?
2025-12-07 14:08:10 [pool-1-thread-7] INFO  org.example.LoginServiceUsingSemaphore - lesgo?
2025-12-07 14:08:10 [pool-1-thread-6] INFO  org.example.LoginServiceUsingSemaphore - lesgo?
2025-12-07 14:08:10 [pool-1-thread-9] INFO  org.example.LoginServiceUsingSemaphore - lesgo?
2025-12-07 14:08:10 [main] INFO  org.example.LoginServiceUsingSemaphore - lesgo?
2025-12-07 14:08:10 [main] INFO  org.example.LoginServiceUsingSemaphore - lesgo?
2025-12-07 14:10:12 [pool-1-thread-4] INFO  org.example.LoginServiceUsingSemaphore - [running]
2025-12-07 14:10:12 [pool-1-thread-1] INFO  org.example.LoginServiceUsingSemaphore - [running]
2025-12-07 14:10:12 [pool-1-thread-8] INFO  org.example.LoginServiceUsingSemaphore - [running]
2025-12-07 14:10:12 [pool-1-thread-2] INFO  org.example.LoginServiceUsingSemaphore - [running]
2025-12-07 14:10:12 [pool-1-thread-5] INFO  org.example.LoginServiceUsingSemaphore - [running]
2025-12-07 14:10:12 [pool-1-thread-3] INFO  org.example.LoginServiceUsingSemaphore - [running]
2025-12-07 14:10:12 [pool-1-thread-9] INFO  org.example.LoginServiceUsingSemaphore - [running]
2025-12-07 14:10:12 [pool-1-thread-7] INFO  org.example.LoginServiceUsingSemaphore - [running]
2025-12-07 14:10:12 [pool-1-thread-6] INFO  org.example.LoginServiceUsingSemaphore - [running]
2025-12-07 14:10:12 [pool-1-thread-10] INFO  org.example.LoginServiceUsingSemaphore - [running]
2025-12-07 14:10:12 [main] INFO  org.example.LoginServiceUsingSemaphore - [running]
2025-12-07 14:10:12 [main] INFO  org.example.LoginServiceUsingSemaphore - [running]
2025-12-07 14:10:49 [pool-1-thread-9] INFO  org.example.LoginServiceUsingSemaphore - [running]
2025-12-07 14:10:49 [pool-1-thread-7] INFO  org.example.LoginServiceUsingSemaphore - [running]
2025-12-07 14:10:49 [pool-1-thread-3] INFO  org.example.LoginServiceUsingSemaphore - [running]
2025-12-07 14:10:49 [pool-1-thread-6] INFO  org.example.LoginServiceUsingSemaphore - [running]
2025-12-07 14:10:49 [pool-1-thread-1] INFO  org.example.LoginServiceUsingSemaphore - [running]
2025-12-07 14:10:49 [main] INFO  org.example.LoginServiceUsingSemaphore - [running]
2025-12-07 14:10:49 [pool-1-thread-4] INFO  org.example.LoginServiceUsingSemaphore - [running]
2025-12-07 14:10:49 [pool-1-thread-2] INFO  org.example.LoginServiceUsingSemaphore - [running]
2025-12-07 14:10:49 [pool-1-thread-10] INFO  org.example.LoginServiceUsingSemaphore - [running]
2025-12-07 14:10:49 [pool-1-thread-5] INFO  org.example.LoginServiceUsingSemaphore - [running]
2025-12-07 14:10:49 [pool-1-thread-8] INFO  org.example.LoginServiceUsingSemaphore - [running]
2025-12-07 14:10:49 [main] INFO  org.example.LoginServiceUsingSemaphore - [running]
2025-12-07 14:11:01 [pool-1-thread-5] INFO  org.example.LoginServiceUsingSemaphore - [running]
2025-12-07 14:11:01 [pool-1-thread-4] INFO  org.example.LoginServiceUsingSemaphore - [running]
2025-12-07 14:11:01 [pool-1-thread-8] INFO  org.example.LoginServiceUsingSemaphore - [running]
2025-12-07 14:11:01 [pool-1-thread-3] INFO  org.example.LoginServiceUsingSemaphore - [running]
2025-12-07 14:11:01 [pool-1-thread-9] INFO  org.example.LoginServiceUsingSemaphore - [running]
2025-12-07 14:11:01 [pool-1-thread-10] INFO  org.example.LoginServiceUsingSemaphore - [running]
2025-12-07 14:11:01 [pool-1-thread-6] INFO  org.example.LoginServiceUsingSemaphore - [running]
2025-12-07 14:11:01 [pool-1-thread-1] INFO  org.example.LoginServiceUsingSemaphore - [running]
2025-12-07 14:11:01 [pool-1-thread-2] INFO  org.example.LoginServiceUsingSemaphore - [running]
2025-12-07 14:11:01 [pool-1-thread-7] INFO  org.example.LoginServiceUsingSemaphore - [running]
2025-12-07 14:11:01 [main] INFO  org.example.LoginServiceUsingSemaphore - [running]
2025-12-07 14:11:01 [main] INFO  org.example.LoginServiceUsingSemaphore - [running]
2025-12-07 14:11:04 [pool-1-thread-9] INFO  org.example.LoginServiceUsingSemaphore - [running]
2025-12-07 14:11:04 [pool-1-thread-8] INFO  org.example.LoginServiceUsingSemaphore - [running]
2025-12-07 14:11:04 [pool-1-thread-7] INFO  org.example.LoginServiceUsingSemaphore - [running]
2025-12-07 14:11:04 [pool-1-thread-4] INFO  org.example.LoginServiceUsingSemaphore - [running]
2025-12-07 14:11:04 [pool-1-thread-2] INFO  org.example.LoginServiceUsingSemaphore - [running]
2025-12-07 14:11:04 [pool-1-thread-3] INFO  org.example.LoginServiceUsingSemaphore - [running]
2025-12-07 14:11:04 [pool-1-thread-5] INFO  org.example.LoginServiceUsingSemaphore - [running]
2025-12-07 14:11:04 [pool-1-thread-6] INFO  org.example.LoginServiceUsingSemaphore - [running]
2025-12-07 14:11:04 [pool-1-thread-1] INFO  org.example.LoginServiceUsingSemaphore - [running]
2025-12-07 14:11:04 [pool-1-thread-10] INFO  org.example.LoginServiceUsingSemaphore - [running]
2025-12-07 14:11:04 [main] INFO  org.example.LoginServiceUsingSemaphore - [running]
2025-12-07 14:11:04 [main] INFO  org.example.LoginServiceUsingSemaphore - [running]
2025-12-07 14:11:08 [pool-1-thread-9] INFO  org.example.LoginServiceUsingSemaphore - [running]
2025-12-07 14:11:08 [pool-1-thread-8] INFO  org.example.LoginServiceUsingSemaphore - [running]
2025-12-07 14:11:08 [pool-1-thread-4] INFO  org.example.LoginServiceUsingSemaphore - [running]
2025-12-07 14:11:08 [main] INFO  org.example.LoginServiceUsingSemaphore - [running]
2025-12-07 14:11:08 [pool-1-thread-5] INFO  org.example.LoginServiceUsingSemaphore - [running]
2025-12-07 14:11:08 [pool-1-thread-6] INFO  org.example.LoginServiceUsingSemaphore - [running]
2025-12-07 14:11:08 [pool-1-thread-10] INFO  org.example.LoginServiceUsingSemaphore - [running]
2025-12-07 14:11:08 [pool-1-thread-3] INFO  org.example.LoginServiceUsingSemaphore - [running]
2025-12-07 14:11:08 [main] INFO  org.example.LoginServiceUsingSemaphore - [running]
2025-12-07 14:11:08 [pool-1-thread-2] INFO  org.example.LoginServiceUsingSemaphore - [running]
2025-12-07 14:11:08 [pool-1-thread-1] INFO  org.example.LoginServiceUsingSemaphore - [running]
2025-12-07 14:11:08 [pool-1-thread-7] INFO  org.example.LoginServiceUsingSemaphore - [running]
2025-12-07 14:11:11 [pool-1-thread-10] INFO  org.example.LoginServiceUsingSemaphore - [running]
2025-12-07 14:11:11 [pool-1-thread-1] INFO  org.example.LoginServiceUsingSemaphore - [running]
2025-12-07 14:11:11 [pool-1-thread-9] INFO  org.example.LoginServiceUsingSemaphore - [running]
2025-12-07 14:11:11 [pool-1-thread-2] INFO  org.example.LoginServiceUsingSemaphore - [running]
2025-12-07 14:11:11 [pool-1-thread-8] INFO  org.example.LoginServiceUsingSemaphore - [running]
2025-12-07 14:11:11 [pool-1-thread-7] INFO  org.example.LoginServiceUsingSemaphore - [running]
2025-12-07 14:11:11 [pool-1-thread-4] INFO  org.example.LoginServiceUsingSemaphore - [running]
2025-12-07 14:11:11 [pool-1-thread-3] INFO  org.example.LoginServiceUsingSemaphore - [running]
2025-12-07 14:11:11 [pool-1-thread-5] INFO  org.example.LoginServiceUsingSemaphore - [running]
2025-12-07 14:11:11 [pool-1-thread-6] INFO  org.example.LoginServiceUsingSemaphore - [running]
2025-12-07 14:11:11 [main] INFO  org.example.LoginServiceUsingSemaphore - [running]
2025-12-07 14:11:11 [main] INFO  org.example.LoginServiceUsingSemaphore - [running]
2025-12-07 14:11:16 [pool-1-thread-2] INFO  org.example.LoginServiceUsingSemaphore - [running]
2025-12-07 14:11:16 [pool-1-thread-9] INFO  org.example.LoginServiceUsingSemaphore - [running]
2025-12-07 14:11:16 [pool-1-thread-10] INFO  org.example.LoginServiceUsingSemaphore - [running]
2025-12-07 14:11:16 [pool-1-thread-5] INFO  org.example.LoginServiceUsingSemaphore - [running]
2025-12-07 14:11:16 [main] INFO  org.example.LoginServiceUsingSemaphore - [running]
2025-12-07 14:11:16 [pool-1-thread-7] INFO  org.example.LoginServiceUsingSemaphore - [running]
2025-12-07 14:11:16 [pool-1-thread-1] INFO  org.example.LoginServiceUsingSemaphore - [running]
2025-12-07 14:11:16 [pool-1-thread-6] INFO  org.example.LoginServiceUsingSemaphore - [running]
2025-12-07 14:11:16 [pool-1-thread-3] INFO  org.example.LoginServiceUsingSemaphore - [running]
2025-12-07 14:11:16 [pool-1-thread-4] INFO  org.example.LoginServiceUsingSemaphore - [running]
2025-12-07 14:11:16 [main] INFO  org.example.LoginServiceUsingSemaphore - [running]
2025-12-07 14:11:16 [pool-1-thread-8] INFO  org.example.LoginServiceUsingSemaphore - [running]
2025-12-07 14:11:19 [pool-1-thread-1] INFO  org.example.LoginServiceUsingSemaphore - [running]
2025-12-07 14:11:19 [pool-1-thread-5] INFO  org.example.LoginServiceUsingSemaphore - [running]
2025-12-07 14:11:19 [pool-1-thread-10] INFO  org.example.LoginServiceUsingSemaphore - [running]
2025-12-07 14:11:19 [pool-1-thread-9] INFO  org.example.LoginServiceUsingSemaphore - [running]
2025-12-07 14:11:19 [pool-1-thread-8] INFO  org.example.LoginServiceUsingSemaphore - [running]
2025-12-07 14:11:19 [pool-1-thread-3] INFO  org.example.LoginServiceUsingSemaphore - [running]
2025-12-07 14:11:19 [pool-1-thread-7] INFO  org.example.LoginServiceUsingSemaphore - [running]
2025-12-07 14:11:19 [pool-1-thread-4] INFO  org.example.LoginServiceUsingSemaphore - [running]
2025-12-07 14:11:19 [main] INFO  org.example.LoginServiceUsingSemaphore - [running]
2025-12-07 14:11:19 [pool-1-thread-2] INFO  org.example.LoginServiceUsingSemaphore - [running]
2025-12-07 14:11:19 [main] INFO  org.example.LoginServiceUsingSemaphore - [running]
2025-12-07 14:11:19 [pool-1-thread-6] INFO  org.example.LoginServiceUsingSemaphore - [running]
2025-12-07 14:11:22 [pool-1-thread-9] INFO  org.example.LoginServiceUsingSemaphore - [running]
2025-12-07 14:11:22 [pool-1-thread-3] INFO  org.example.LoginServiceUsingSemaphore - [running]
2025-12-07 14:11:22 [pool-1-thread-2] INFO  org.example.LoginServiceUsingSemaphore - [running]
2025-12-07 14:11:22 [pool-1-thread-10] INFO  org.example.LoginServiceUsingSemaphore - [running]
2025-12-07 14:11:22 [pool-1-thread-4] INFO  org.example.LoginServiceUsingSemaphore - [running]
2025-12-07 14:11:22 [main] INFO  org.example.LoginServiceUsingSemaphore - [running]
2025-12-07 14:11:22 [pool-1-thread-8] INFO  org.example.LoginServiceUsingSemaphore - [running]
2025-12-07 14:11:22 [pool-1-thread-5] INFO  org.example.LoginServiceUsingSemaphore - [running]
2025-12-07 14:11:22 [pool-1-thread-6] INFO  org.example.LoginServiceUsingSemaphore - [running]
2025-12-07 14:11:22 [pool-1-thread-1] INFO  org.example.LoginServiceUsingSemaphore - [running]
2025-12-07 14:11:22 [pool-1-thread-7] INFO  org.example.LoginServiceUsingSemaphore - [running]
2025-12-07 14:11:22 [main] INFO  org.example.LoginServiceUsingSemaphore - [running]
2025-12-07 14:11:33 [pool-1-thread-7] INFO  org.example.LoginServiceUsingSemaphore - [running]
2025-12-07 14:11:33 [pool-1-thread-10] INFO  org.example.LoginServiceUsingSemaphore - [running]
2025-12-07 14:11:33 [pool-1-thread-1] INFO  org.example.LoginServiceUsingSemaphore - [running]
2025-12-07 14:11:33 [pool-1-thread-3] INFO  org.example.LoginServiceUsingSemaphore - [running]
2025-12-07 14:11:33 [pool-1-thread-4] INFO  org.example.LoginServiceUsingSemaphore - [running]
2025-12-07 14:11:33 [pool-1-thread-2] INFO  org.example.LoginServiceUsingSemaphore - [running]
2025-12-07 14:11:33 [pool-1-thread-8] INFO  org.example.LoginServiceUsingSemaphore - [running]
2025-12-07 14:11:33 [pool-1-thread-5] INFO  org.example.LoginServiceUsingSemaphore - [running]
2025-12-07 14:11:33 [pool-1-thread-6] INFO  org.example.LoginServiceUsingSemaphore - [running]
2025-12-07 14:11:33 [pool-1-thread-9] INFO  org.example.LoginServiceUsingSemaphore - [running]
2025-12-07 14:11:33 [main] INFO  org.example.LoginServiceUsingSemaphore - [running]
2025-12-07 14:11:33 [main] INFO  org.example.LoginServiceUsingSemaphore - [running]
2025-12-07 14:11:38 [pool-1-thread-2] INFO  org.example.LoginServiceUsingSemaphore - [running]
2025-12-07 14:11:38 [pool-1-thread-5] INFO  org.example.LoginServiceUsingSemaphore - [running]
2025-12-07 14:11:38 [pool-1-thread-7] INFO  org.example.LoginServiceUsingSemaphore - [running]
2025-12-07 14:11:38 [pool-1-thread-3] INFO  org.example.LoginServiceUsingSemaphore - [running]
2025-12-07 14:11:38 [pool-1-thread-4] INFO  org.example.LoginServiceUsingSemaphore - [running]
2025-12-07 14:11:38 [pool-1-thread-10] INFO  org.example.LoginServiceUsingSemaphore - [running]
2025-12-07 14:11:38 [pool-1-thread-9] INFO  org.example.LoginServiceUsingSemaphore - [running]
2025-12-07 14:11:38 [pool-1-thread-8] INFO  org.example.LoginServiceUsingSemaphore - [running]
2025-12-07 14:11:38 [pool-1-thread-1] INFO  org.example.LoginServiceUsingSemaphore - [running]
2025-12-07 14:11:38 [pool-1-thread-6] INFO  org.example.LoginServiceUsingSemaphore - [running]
2025-12-07 14:11:38 [main] INFO  org.example.LoginServiceUsingSemaphore - [running]
2025-12-07 14:11:38 [main] INFO  org.example.LoginServiceUsingSemaphore - [running]
2025-12-07 14:11:40 [pool-1-thread-9] INFO  org.example.LoginServiceUsingSemaphore - [running]
2025-12-07 14:11:40 [pool-1-thread-6] INFO  org.example.LoginServiceUsingSemaphore - [running]
2025-12-07 14:11:40 [pool-1-thread-7] INFO  org.example.LoginServiceUsingSemaphore - [running]
2025-12-07 14:11:40 [pool-1-thread-1] INFO  org.example.LoginServiceUsingSemaphore - [running]
2025-12-07 14:11:40 [pool-1-thread-4] INFO  org.example.LoginServiceUsingSemaphore - [running]
2025-12-07 14:11:40 [pool-1-thread-5] INFO  org.example.LoginServiceUsingSemaphore - [running]
2025-12-07 14:11:40 [pool-1-thread-8] INFO  org.example.LoginServiceUsingSemaphore - [running]
2025-12-07 14:11:40 [pool-1-thread-10] INFO  org.example.LoginServiceUsingSemaphore - [running]
2025-12-07 14:11:40 [pool-1-thread-2] INFO  org.example.LoginServiceUsingSemaphore - [running]
2025-12-07 14:11:40 [pool-1-thread-3] INFO  org.example.LoginServiceUsingSemaphore - [running]
2025-12-07 14:11:40 [main] INFO  org.example.LoginServiceUsingSemaphore - [running]
2025-12-07 14:11:40 [main] INFO  org.example.LoginServiceUsingSemaphore - [running]
2025-12-07 14:17:00 [pool-1-thread-9] INFO  org.example.LoginServiceUsingSemaphore - a thread %s
2025-12-07 14:17:00 [pool-1-thread-3] INFO  org.example.LoginServiceUsingSemaphore - a thread %s
2025-12-07 14:17:00 [pool-1-thread-2] INFO  org.example.LoginServiceUsingSemaphore - a thread %s
2025-12-07 14:17:00 [pool-1-thread-8] INFO  org.example.LoginServiceUsingSemaphore - a thread %s
2025-12-07 14:17:00 [pool-1-thread-1] INFO  org.example.LoginServiceUsingSemaphore - a thread %s
2025-12-07 14:17:00 [pool-1-thread-6] INFO  org.example.LoginServiceUsingSemaphore - a thread %s
2025-12-07 14:17:00 [pool-1-thread-5] INFO  org.example.LoginServiceUsingSemaphore - a thread %s
2025-12-07 14:17:00 [pool-1-thread-4] INFO  org.example.LoginServiceUsingSemaphore - a thread %s
2025-12-07 14:17:00 [pool-1-thread-7] INFO  org.example.LoginServiceUsingSemaphore - a thread %s
2025-12-07 14:17:00 [pool-1-thread-10] INFO  org.example.LoginServiceUsingSemaphore - a thread %s
2025-12-07 14:17:00 [main] INFO  org.example.LoginServiceUsingSemaphore - a thread %s
2025-12-07 14:17:00 [main] INFO  org.example.LoginServiceUsingSemaphore - a thread %s
2025-12-07 14:19:10 [pool-1-thread-4] INFO  org.example.LoginServiceUsingSemaphore - a thread pool-1-thread-4 conseguiu fazer o login
2025-12-07 14:19:10 [pool-1-thread-10] INFO  org.example.LoginServiceUsingSemaphore - a thread pool-1-thread-10 conseguiu fazer o login
2025-12-07 14:19:10 [pool-1-thread-2] INFO  org.example.LoginServiceUsingSemaphore - a thread pool-1-thread-2 conseguiu fazer o login
2025-12-07 14:19:10 [pool-1-thread-3] INFO  org.example.LoginServiceUsingSemaphore - a thread pool-1-thread-3 conseguiu fazer o login
2025-12-07 14:19:10 [pool-1-thread-8] INFO  org.example.LoginServiceUsingSemaphore - a thread pool-1-thread-8 conseguiu fazer o login
2025-12-07 14:19:10 [pool-1-thread-9] INFO  org.example.LoginServiceUsingSemaphore - a thread pool-1-thread-9 conseguiu fazer o login
2025-12-07 14:19:10 [pool-1-thread-1] INFO  org.example.LoginServiceUsingSemaphore - a thread pool-1-thread-1 conseguiu fazer o login
2025-12-07 14:19:10 [pool-1-thread-7] INFO  org.example.LoginServiceUsingSemaphore - a thread pool-1-thread-7 conseguiu fazer o login
2025-12-07 14:19:10 [pool-1-thread-5] INFO  org.example.LoginServiceUsingSemaphore - a thread pool-1-thread-5 conseguiu fazer o login
2025-12-07 14:19:10 [pool-1-thread-6] INFO  org.example.LoginServiceUsingSemaphore - a thread pool-1-thread-6 conseguiu fazer o login
2025-12-07 14:19:10 [main] INFO  org.example.LoginServiceUsingSemaphore - a thread main conseguiu fazer o login
2025-12-07 14:19:29 [pool-1-thread-10] INFO  org.example.LoginServiceUsingSemaphore - a thread pool-1-thread-10 conseguiu fazer o login
2025-12-07 14:19:29 [pool-1-thread-8] INFO  org.example.LoginServiceUsingSemaphore - a thread pool-1-thread-8 conseguiu fazer o login
2025-12-07 14:19:29 [pool-1-thread-7] INFO  org.example.LoginServiceUsingSemaphore - a thread pool-1-thread-7 conseguiu fazer o login
2025-12-07 14:19:29 [pool-1-thread-9] INFO  org.example.LoginServiceUsingSemaphore - a thread pool-1-thread-9 conseguiu fazer o login
2025-12-07 14:19:29 [pool-1-thread-4] INFO  org.example.LoginServiceUsingSemaphore - a thread pool-1-thread-4 conseguiu fazer o login
2025-12-07 14:19:29 [pool-1-thread-5] INFO  org.example.LoginServiceUsingSemaphore - a thread pool-1-thread-5 conseguiu fazer o login
2025-12-07 14:19:29 [pool-1-thread-6] INFO  org.example.LoginServiceUsingSemaphore - a thread pool-1-thread-6 conseguiu fazer o login
2025-12-07 14:19:29 [pool-1-thread-1] INFO  org.example.LoginServiceUsingSemaphore - a thread pool-1-thread-1 conseguiu fazer o login
2025-12-07 14:19:29 [pool-1-thread-2] INFO  org.example.LoginServiceUsingSemaphore - a thread pool-1-thread-2 conseguiu fazer o login
2025-12-07 14:19:29 [pool-1-thread-3] INFO  org.example.LoginServiceUsingSemaphore - a thread pool-1-thread-3 conseguiu fazer o login
2025-12-07 14:19:29 [main] ERROR org.example.LoginServiceUsingSemaphore - a thread main NÃO conseguiu fazer o login
2025-12-07 14:19:29 [main] INFO  org.example.LoginServiceUsingSemaphore - a thread main conseguiu fazer o login
2025-12-07 14:20:11 [pool-1-thread-8] INFO  org.example.LoginServiceUsingSemaphore - a thread pool-1-thread-8 conseguiu fazer o login
2025-12-07 14:20:11 [pool-1-thread-6] INFO  org.example.LoginServiceUsingSemaphore - a thread pool-1-thread-6 conseguiu fazer o login
2025-12-07 14:20:11 [pool-1-thread-15] ERROR org.example.LoginServiceUsingSemaphore - a thread pool-1-thread-15 NÃO conseguiu fazer o login
2025-12-07 14:20:11 [pool-1-thread-3] INFO  org.example.LoginServiceUsingSemaphore - a thread pool-1-thread-3 conseguiu fazer o login
2025-12-07 14:20:11 [pool-1-thread-9] INFO  org.example.LoginServiceUsingSemaphore - a thread pool-1-thread-9 conseguiu fazer o login
2025-12-07 14:20:11 [pool-1-thread-13] ERROR org.example.LoginServiceUsingSemaphore - a thread pool-1-thread-13 NÃO conseguiu fazer o login
2025-12-07 14:20:11 [pool-1-thread-4] INFO  org.example.LoginServiceUsingSemaphore - a thread pool-1-thread-4 conseguiu fazer o login
2025-12-07 14:20:11 [pool-1-thread-10] INFO  org.example.LoginServiceUsingSemaphore - a thread pool-1-thread-10 conseguiu fazer o login
2025-12-07 14:20:11 [pool-1-thread-11] ERROR org.example.LoginServiceUsingSemaphore - a thread pool-1-thread-11 NÃO conseguiu fazer o login
2025-12-07 14:20:11 [pool-1-thread-14] ERROR org.example.LoginServiceUsingSemaphore - a thread pool-1-thread-14 NÃO conseguiu fazer o login
2025-12-07 14:20:11 [pool-1-thread-2] INFO  org.example.LoginServiceUsingSemaphore - a thread pool-1-thread-2 conseguiu fazer o login
2025-12-07 14:20:11 [pool-1-thread-12] ERROR org.example.LoginServiceUsingSemaphore - a thread pool-1-thread-12 NÃO conseguiu fazer o login
2025-12-07 14:20:11 [pool-1-thread-7] INFO  org.example.LoginServiceUsingSemaphore - a thread pool-1-thread-7 conseguiu fazer o login
2025-12-07 14:20:11 [pool-1-thread-1] INFO  org.example.LoginServiceUsingSemaphore - a thread pool-1-thread-1 conseguiu fazer o login
2025-12-07 14:20:11 [pool-1-thread-5] INFO  org.example.LoginServiceUsingSemaphore - a thread pool-1-thread-5 conseguiu fazer o login
2025-12-07 14:20:11 [main] ERROR org.example.LoginServiceUsingSemaphore - a thread main NÃO conseguiu fazer o login
2025-12-07 14:20:11 [main] INFO  org.example.LoginServiceUsingSemaphore - a thread main conseguiu fazer o login
2025-12-07 14:25:36 [pool-1-thread-1] INFO  org.example.LoginServiceUsingSemaphore - Trying to make login...
2025-12-07 14:25:36 [pool-1-thread-2] INFO  org.example.LoginServiceUsingSemaphore - Trying to make login...
2025-12-07 14:25:39 [pool-1-thread-1] INFO  org.example.LoginServiceUsingSemaphore - Login done!
2025-12-07 14:25:39 [pool-1-thread-2] INFO  org.example.LoginServiceUsingSemaphore - Login done!
2025-12-07 14:26:38 [pool-1-thread-3] INFO  org.example.LoginServiceUsingSemaphore - Trying to make login...
2025-12-07 14:26:38 [pool-1-thread-1] INFO  org.example.LoginServiceUsingSemaphore - Trying to make login...
2025-12-07 14:26:38 [pool-1-thread-2] INFO  org.example.LoginServiceUsingSemaphore - Trying to make login...
2025-12-07 14:26:38 [pool-1-thread-4] INFO  org.example.LoginServiceUsingSemaphore - Trying to make login...
2025-12-07 14:26:41 [pool-1-thread-3] INFO  org.example.LoginServiceUsingSemaphore - Login done!
2025-12-07 14:26:41 [pool-1-thread-2] INFO  org.example.LoginServiceUsingSemaphore - Login done!
2025-12-07 14:27:16 [pool-1-thread-1] INFO  org.example.LoginServiceUsingSemaphore - Trying to make login...
2025-12-07 14:27:16 [pool-1-thread-2] INFO  org.example.LoginServiceUsingSemaphore - Trying to make login...
2025-12-07 14:27:16 [pool-1-thread-3] INFO  org.example.LoginServiceUsingSemaphore - Trying to make login...
2025-12-07 14:27:16 [pool-1-thread-4] INFO  org.example.LoginServiceUsingSemaphore - Trying to make login...
2025-12-07 14:27:19 [pool-1-thread-2] INFO  org.example.LoginServiceUsingSemaphore - Login done!
2025-12-07 14:27:19 [pool-1-thread-1] INFO  org.example.LoginServiceUsingSemaphore - Login done!
2025-12-07 14:27:19 [pool-1-thread-4] INFO  org.example.LoginServiceUsingSemaphore - Login done!
2025-12-07 14:27:19 [pool-1-thread-3] INFO  org.example.LoginServiceUsingSemaphore - Login done!
2025-12-07 14:27:53 [pool-1-thread-1] INFO  org.example.LoginServiceUsingSemaphore - Trying to make login...
2025-12-07 14:27:53 [pool-1-thread-3] INFO  org.example.LoginServiceUsingSemaphore - Trying to make login...
2025-12-07 14:27:53 [pool-1-thread-4] INFO  org.example.LoginServiceUsingSemaphore - Trying to make login...
2025-12-07 14:27:53 [pool-1-thread-2] INFO  org.example.LoginServiceUsingSemaphore - Trying to make login...
2025-12-07 14:27:56 [pool-1-thread-1] INFO  org.example.LoginServiceUsingSemaphore - Login done!
2025-12-07 14:27:56 [pool-1-thread-3] INFO  org.example.LoginServiceUsingSemaphore - Login done!
2025-12-07 14:28:52 [pool-1-thread-3] INFO  org.example.LoginServiceUsingSemaphore - Trying to make login...
2025-12-07 14:28:52 [pool-1-thread-4] INFO  org.example.LoginServiceUsingSemaphore - Trying to make login...
2025-12-07 14:28:52 [pool-1-thread-1] INFO  org.example.LoginServiceUsingSemaphore - Trying to make login...
2025-12-07 14:28:52 [pool-1-thread-2] INFO  org.example.LoginServiceUsingSemaphore - Trying to make login...
2025-12-07 14:28:55 [pool-1-thread-3] INFO  org.example.LoginServiceUsingSemaphore - Login done!
2025-12-07 14:28:55 [pool-1-thread-1] INFO  org.example.LoginServiceUsingSemaphore - Login done!
2025-12-07 14:28:58 [pool-1-thread-2] INFO  org.example.LoginServiceUsingSemaphore - Login done!
2025-12-07 14:28:58 [pool-1-thread-4] INFO  org.example.LoginServiceUsingSemaphore - Login done!
